
Running 215 tests using 2 workers

(node:88540) Warning: The 'NO_COLOR' env is ignored due to the 'FORCE_COLOR' env being set.
(Use `node --trace-warnings ...` to show where the warning was created)
(node:88539) Warning: The 'NO_COLOR' env is ignored due to the 'FORCE_COLOR' env being set.
(Use `node --trace-warnings ...` to show where the warning was created)
  ✓    2 e2e/beheerformulieren-catalogus-aanvulling.spec.ts:67:5 › Activiteitstypes: na Toch archiveren landt de focus op de herstelknop van die rij, niet op body (5.6s)
  ✓    1 e2e/beheerformulieren-catalogus-aanvulling.spec.ts:55:5 › Activiteitstypes: na archiveren van een van twee actieve types blijft de focus op een knop in de lijst, niet op body (6.3s)
  ✓    3 e2e/beheerformulieren-catalogus-aanvulling.spec.ts:78:5 › Activiteitstypes: na herstellen van een type landt de focus op zijn archiveerknop (3.0s)
  ✓    4 e2e/beheerformulieren-catalogus-aanvulling.spec.ts:88:5 › Activiteitstypes: archiveren zonder herordening van de rij laat de focus ook niet op body vallen (2.4s)
  ✓    5 e2e/beheerformulieren-catalogus.spec.ts:149:7 › Lid beheren 768x1024: titel, saldo en Sluiten blijven zichtbaar bij scrollen (3.0s)
  ✓    6 e2e/beheerformulieren-catalogus.spec.ts:149:7 › Lid beheren 1024x768: titel, saldo en Sluiten blijven zichtbaar bij scrollen (3.0s)
  ✓    7 e2e/beheerformulieren-catalogus.spec.ts:213:5 › Sectiestatus: Niet opgeslagen alleen bij de gewijzigde sectie, Opgeslagen na opslaan, geen toast (1.2s)
  ✓    8 e2e/beheerformulieren-catalogus.spec.ts:241:5 › Sectiestatus: een mislukte opslag toont de fout en geen Opgeslagen (1.2s)
  ✓   10 e2e/beheerformulieren-catalogus.spec.ts:278:5 › Contactadres: lid zonder account en zonder adres krijgt geen account- of uitnodigingsuitleg (1.3s)
  ✓    9 e2e/beheerformulieren-catalogus.spec.ts:256:5 › Contactadres: uitleg altijd, accountuitleg bij gekoppeld lid, opgeslagen-tekst zonder claim over het inlogadres (2.2s)
  ✓   11 e2e/beheerformulieren-catalogus.spec.ts:287:5 › Contactadres: ander adres wist de openstaande uitnodiging, de status volgt de RPC (regressie invitedAt) (947ms)
  ✓   12 e2e/beheerformulieren-catalogus.spec.ts:309:5 › Contactadres: na een verstuurde uitnodiging wist een ander adres 'Uitnodiging verstuurd' (905ms)
  ✓   13 e2e/beheerformulieren-catalogus.spec.ts:332:5 › Archief in Lid beheren: status Gearchiveerd/Teruggezet in de eigen sectie en de herstelroute (843ms)
  ✓   15 e2e/beheerformulieren-catalogus.spec.ts:382:5 › Producten: de drie lege uitkomsten en Zoekopdracht wissen (785ms)
  ✓   14 e2e/beheerformulieren-catalogus.spec.ts:353:5 › Producten: standaard Actief, chips met tellers, zoeken op naam en categorie (1.5s)
  ✓   16 e2e/beheerformulieren-catalogus.spec.ts:397:5 › Producten: zoekterm die alleen in de andere status matcht meldt geen 'geen treffers' (751ms)
  ✓   17 e2e/beheerformulieren-catalogus.spec.ts:406:5 › Producten: geen actieve producten verwijst naar Uit assortiment (776ms)
  ✓   18 e2e/beheerformulieren-catalogus.spec.ts:412:5 › Producten: nog geen producten (756ms)
  ✓   20 e2e/beheerformulieren-catalogus.spec.ts:435:5 › Producten: 120 producten blijven bruikbaar (764ms)
  ✓   19 e2e/beheerformulieren-catalogus.spec.ts:418:5 › Producten: archiveren in de overlay laat het product na sluiten uit Actief verdwijnen en in Uit assortiment verschijnen (953ms)
  ✓   22 e2e/beheerformulieren-catalogus.spec.ts:495:5 › Activiteitstypes: bij twee actieve types archiveert één klik direct, zonder bevestiging (788ms)
  ✓   23 e2e/beheerformulieren-catalogus.spec.ts:504:5 › Activiteitstypes: de vaste melding staat er als er al geen actief type is, niet bij een lege lijst (588ms)
  ✓   21 e2e/beheerformulieren-catalogus.spec.ts:451:5 › Activiteitstypes: laatste actieve archiveren toont eerst de waarschuwing, geen RPC tot Toch archiveren (2.0s)
  ✓   24 e2e/beheerformulieren-catalogus.spec.ts:510:5 › Activiteitstypes: lege lijst toont alleen de bestaande lege-tekst (605ms)
  ✓   26 e2e/contrast-controls-bar.spec.ts:85:5 › hover en ingedrukt: Opwaarderen (1.7s)
  ✓   25 e2e/contrast-controls-bar.spec.ts:72:5 › hover en ingedrukt: Afrekenen in het mandje en in de afrekenoverlay (2.6s)
  ✓   28 e2e/contrast-controls-bar.spec.ts:109:5 › hover en ingedrukt: DienstTeLangOpenMelding (1.3s)
  ✓   27 e2e/contrast-controls-bar.spec.ts:94:5 › hover en ingedrukt: Bezetting (Klaar) en Dienst afsluiten (2.4s)
  ✓   30 e2e/contrast-controls-bar.spec.ts:161:5 › focus: een knop op het beheer-inlogscherm toont een focusring bij Tab (417ms)
  ✓   31 e2e/contrast-controls-bar.spec.ts:170:5 › focus: een control met kale `outline-none` krijgt toch de globale ring; een eigen vervanging wint (338ms)
  ✓   32 e2e/contrast-controls-portal-aanvulling.spec.ts:45:7 › 1280px › PortalLogin blijft max-w-sm (384px), niet verbreed naar 560px (286ms)
  ✓   29 e2e/contrast-controls-bar.spec.ts:142:5 › focus: invoerveld en knop tonen een focusring bij Tab (1.6s)
  ✓   33 e2e/contrast-controls-portal-aanvulling.spec.ts:57:7 › 320px › een profiel-sheet past binnen het scherm en zit onderaan (554ms)
  ✓   34 e2e/contrast-controls-portal-aanvulling.spec.ts:74:7 › focus en tekstgrootte (390px) › Uitloggen toont bij Tab een 2px accent-focusring met 2px afstand (477ms)
  ✓   35 e2e/contrast-controls-portal-aanvulling.spec.ts:92:7 › focus en tekstgrootte (390px) › tekstgrootte 200%: geen horizontale overflow, Uitloggen blijft bereikbaar (496ms)
  ✓   36 e2e/contrast-controls-portal.spec.ts:76:7 › 1280px › dashboard: één gecentreerde kolom van hooguit 560px, niets steekt eruit (571ms)
  ✓   37 e2e/contrast-controls-portal.spec.ts:97:7 › 1280px › een profiel-sheet is niet breder dan de kolom (595ms)
  ✓   38 e2e/contrast-controls-portal.spec.ts:108:7 › 1280px › het herstelscherm en het ongeldige-linkscherm volgen dezelfde kolom (366ms)
  ✓   39 e2e/contrast-controls-portal.spec.ts:120:9 › 390px › geen overflow, Uitloggen en 'Alle transacties' >= 44px en in beeld, reversalregel volledig (555ms)
  ✓   40 e2e/contrast-controls-portal.spec.ts:120:9 › 320px › geen overflow, Uitloggen en 'Alle transacties' >= 44px en in beeld, reversalregel volledig (529ms)
  ✓   41 e2e/contrast-controls-portal.spec.ts:141:5 › het font is Manrope en komt van onze eigen server (284ms)
  ✓   42 e2e/dialogen-tabs-landmarks-negatief.spec.ts:110:7 › portal (negatief) › sheet: Tab/Shift+Tab vanaf container, eerste en laatste element landen exact en wrappen (635ms)
  ✓   43 e2e/dialogen-tabs-landmarks-negatief.spec.ts:118:7 › portal (negatief) › sheet: focusin-vangnet haalt de focus terug als de achtergrond toch focus krijgt (568ms)
  ✓   45 e2e/dialogen-tabs-landmarks-negatief.spec.ts:149:7 › portal (negatief) › tabs: bij manuele activatie volgt de ene tabstop de focus en valt hij terug op de selectie (520ms)
  ✓   44 e2e/dialogen-tabs-landmarks-negatief.spec.ts:133:7 › portal (negatief) › sheet: de tabs achter de dialoog zijn inert en niet met het toetsenbord te bereiken (743ms)
  ✓   46 e2e/dialogen-tabs-landmarks-negatief.spec.ts:172:7 › portal (negatief) › tabs: modifiers laten de tablist met rust, ook Alt+Pijl (browser terug) (542ms)
  ✓   47 e2e/dialogen-tabs-landmarks-negatief.spec.ts:183:7 › portal (negatief) › tabs: toetsen worden niet afgehandeld vanuit het panel (602ms)
  ✓   48 e2e/dialogen-tabs-landmarks-negatief.spec.ts:195:7 › portal (negatief) › tabs: aria-controls staat alleen op de actieve tab en wijst naar het panel dat naar de tab terugwijst (503ms)
  ✓   49 e2e/dialogen-tabs-landmarks-negatief.spec.ts:291:7 › beheer (negatief) › Lid beheren: Tab/Shift+Tab vanaf container, eerste en laatste element landen exact en wrappen (759ms)
  ✓   50 e2e/dialogen-tabs-landmarks-negatief.spec.ts:302:7 › beheer (negatief) › tabs: Home/End en de andere as laten de selectie ongemoeid (manueel) (697ms)
  ✓   51 e2e/dialogen-tabs-landmarks-negatief.spec.ts:319:7 › beheer (negatief) › geldmutatie: geblokkeerde sluitpogingen sturen geen tweede request en verplaatsen de focus niet (1.1s)
  ✓   52 e2e/dialogen-tabs-landmarks-negatief.spec.ts:435:7 › bar (negatief) › Afrekenen: Tab/Shift+Tab vanaf container, eerste en laatste element landen exact en wrappen (811ms)
  ✓   54 e2e/dialogen-tabs-landmarks-negatief.spec.ts:486:7 › bar (negatief) › rail: ArrowUp wrapt van Verkoop naar Dienst; de horizontale as en modifiers doen niets (628ms)
  ✓   53 e2e/dialogen-tabs-landmarks-negatief.spec.ts:443:7 › bar (negatief) › Afrekenen pending: één request, annuleren disabled, geen melding vóór een poging, focus blijft (988ms)
  ✓   55 e2e/dialogen-tabs-landmarks-negatief.spec.ts:502:7 › bar (negatief) › rail: Tab uit de rail bereikt main (na de Uitloggen-knop in de rail) en Shift+Tab komt terug op de geselecteerde tab (528ms)
  ✓   56 e2e/dialogen-tabs-landmarks-negatief.spec.ts:524:7 › bar (negatief) › rail: pijlen vanuit de verkoopinhoud wisselen geen tab (558ms)
  ✓   57 e2e/dialogen-tabs-landmarks.spec.ts:156:7 › portal › tabs: handmatige activatie, één tabstop, horizontale pijlen (601ms)
  ✓   58 e2e/dialogen-tabs-landmarks.spec.ts:196:7 › portal › sheet: focusval, inert, scrolllock, sluiten en focus terug (676ms)
  ✓   59 e2e/dialogen-tabs-landmarks.spec.ts:220:7 › portal › sheet: backdrop sluit; met verdwenen trigger valt de focus op het tabpanel (662ms)
  ✓   60 e2e/dialogen-tabs-landmarks.spec.ts:243:7 › portal › tabpanel zonder focusbare inhoud is zelf een tabstop (543ms)
  ✓   61 e2e/dialogen-tabs-landmarks.spec.ts:267:7 › portal › Saldo met data heeft een focusbare verversknop: het panel is zelf geen tabstop (483ms)
  ✓   62 e2e/dialogen-tabs-landmarks.spec.ts:280:7 › portal › sheet: later ingevoegde achtergrondnodes worden ook inert (594ms)
  ✓   63 e2e/dialogen-tabs-landmarks.spec.ts:366:7 › beheer › tabs: vijf tabs voor de beheerder, handmatig, wrap-around (624ms)
  ✓   65 e2e/dialogen-tabs-landmarks.spec.ts:417:7 › beheer › Lid beheren: Escape, backdrop en sluitknop sluiten identiek (879ms)
  ✓   64 e2e/dialogen-tabs-landmarks.spec.ts:386:7 › beheer › Lid beheren → Bestellingen: focus blijft in de dialoog, trigger blijft de ledenrij (1.4s)
  ✓   66 e2e/dialogen-tabs-landmarks.spec.ts:437:7 › beheer › geldmutatie: sluiten is geblokkeerd tijdens pending, met statusmelding (867ms)
  ✓   67 e2e/dialogen-tabs-landmarks.spec.ts:537:7 › bar › rail: verticale pijlen met automatische activatie, één tabstop (611ms)
  ✓   69 e2e/dialogen-tabs-landmarks.spec.ts:590:7 › bar › Afrekenen: focusval, inert, scrolllock en focus terug op de trigger (778ms)
  ✓   70 e2e/dialogen-tabs-landmarks.spec.ts:608:7 › bar › Afrekenen: met verdwenen trigger valt de focus op het tabpanel (787ms)
  ✓   68 e2e/dialogen-tabs-landmarks.spec.ts:571:7 › bar › landmarks: precies één main en nav 'Bar', op Verkoop en Dienst, ook met open dialoog (2.1s)
  ✓   71 e2e/dialogen-tabs-landmarks.spec.ts:619:7 › bar › Afrekenen pending: Escape, backdrop en focus blijven geblokkeerd, met statusmelding (769ms)
  ✓   72 e2e/frontend-review.spec.ts:36:7 › feedback en focus › U01/U04: prijsopslag reset validatie, toont succes, nieuwe poging valideert weer (808ms)
  ✓   73 e2e/frontend-review.spec.ts:58:7 › feedback en focus › U03: retry bewaart knop tijdens laden/fout en verplaatst focus bij succes (651ms)
  ✓   74 e2e/frontend-review.spec.ts:81:7 › feedback en focus › R02: gewone lidselectie houdt focus in mandje; wissel herstelt de zoeker (658ms)
  ✓   75 e2e/frontend-review.spec.ts:94:9 › feedback en focus › U02/C01: lege naam krijgt gekoppelde veldfeedback (portal) (676ms)
  ✓   76 e2e/frontend-review.spec.ts:94:9 › feedback en focus › U02/C01: lege naam krijgt gekoppelde veldfeedback (admin) (743ms)
  ✓   77 e2e/frontend-review.spec.ts:115:7 › feedback en focus › U02: bestaande lidnaam valideert lokaal en bewaart de bewerking (732ms)
  ✓   78 e2e/frontend-review.spec.ts:134:9 › U06: één sluitpatroon voor gewijzigde formulieren › product: Sluiten/Annuleren vraagt, Terug bewaart invoer en focus (884ms)
  ✓   79 e2e/frontend-review.spec.ts:134:9 › U06: één sluitpatroon voor gewijzigde formulieren › nieuw-product: Sluiten/Annuleren vraagt, Terug bewaart invoer en focus (867ms)
  ✓   80 e2e/frontend-review.spec.ts:134:9 › U06: één sluitpatroon voor gewijzigde formulieren › lid: Sluiten/Annuleren vraagt, Terug bewaart invoer en focus (973ms)
  ✓   81 e2e/frontend-review.spec.ts:134:9 › U06: één sluitpatroon voor gewijzigde formulieren › nieuw-lid: Sluiten/Annuleren vraagt, Terug bewaart invoer en focus (1.0s)
  ✓   82 e2e/frontend-review.spec.ts:134:9 › U06: één sluitpatroon voor gewijzigde formulieren › naam: Sluiten/Annuleren vraagt, Terug bewaart invoer en focus (842ms)
  ✓   83 e2e/frontend-review.spec.ts:134:9 › U06: één sluitpatroon voor gewijzigde formulieren › wachtwoord: Sluiten/Annuleren vraagt, Terug bewaart invoer en focus (930ms)
  ✓   84 e2e/frontend-review.spec.ts:134:9 › U06: één sluitpatroon voor gewijzigde formulieren › pincode: Sluiten/Annuleren vraagt, Terug bewaart invoer en focus (902ms)
  ✓   85 e2e/frontend-review.spec.ts:173:9 › portal 320 › R01: gewone en vergrote letters houden controls en bedragen uit elkaars tekst (1.0s)
  ✓   86 e2e/frontend-review.spec.ts:173:9 › portal 390 › R01: gewone en vergrote letters houden controls en bedragen uit elkaars tekst (1.2s)
  ✓   87 e2e/frontend-review.spec.ts:173:9 › portal 1280 › R01: gewone en vergrote letters houden controls en bedragen uit elkaars tekst (1.2s)
  ✓   88 e2e/frontend-review.spec.ts:193:9 › kassa 768 › R03: producten zijn zichtbaar en bedienbaar; mandje blijft na tabwissel behouden (917ms)
  ✓   89 e2e/frontend-review.spec.ts:193:9 › kassa 1024 › R03: producten zijn zichtbaar en bedienbaar; mandje blijft na tabwissel behouden (936ms)
  ✓   90 e2e/frontend-review.spec.ts:193:9 › kassa 1280 › R03: producten zijn zichtbaar en bedienbaar; mandje blijft na tabwissel behouden (925ms)
  ✓   91 e2e/frontend-review.spec.ts:193:9 › kassa 512 › R03: producten zijn zichtbaar en bedienbaar; mandje blijft na tabwissel behouden (919ms)
  ✓   92 e2e/frontend-review.spec.ts:214:9 › financieel herstel › U05: place_order receipt herstelt normale UI zonder extra boeking (855ms)
  ✓   93 e2e/frontend-review.spec.ts:214:9 › financieel herstel › U05: top_up receipt herstelt normale UI zonder extra boeking (801ms)
  ✓   94 e2e/frontend-review.spec.ts:247:9 › financieel herstel › U05: nieuw-lidherstel completed blijft bij oorspronkelijke sleutel/invoer (882ms)
  ✓   95 e2e/frontend-review.spec.ts:247:9 › financieel herstel › U05: nieuw-lidherstel cancelled blijft bij oorspronkelijke sleutel/invoer (882ms)
  ✓   96 e2e/frontend-review.spec.ts:247:9 › financieel herstel › U05: nieuw-lidherstel missing blijft bij oorspronkelijke sleutel/invoer (850ms)
  ✓   97 e2e/frontend-review.spec.ts:247:9 › financieel herstel › U05: nieuw-lidherstel complete blijft bij oorspronkelijke sleutel/invoer (888ms)
  ✓   98 e2e/frontend-review.spec.ts:291:5 › gedeelde patronen: AA-scan portal Account (932ms)
  ✓   99 e2e/invoerfeedback-zoeken-filters.spec.ts:85:5 › Opwaarderen: elke soort veldfout verschijnt bij blur, herstel is direct, waarde en focus blijven (847ms)
  ✓  100 e2e/invoerfeedback-zoeken-filters.spec.ts:126:5 › Opwaarderen: een poging met ongeldige invoer toont de fout als alert, focust het veld en boekt niets (855ms)
  ✓  101 e2e/invoerfeedback-zoeken-filters.spec.ts:151:5 › Opwaarderen boven € 100: bevestiging en veldfout zijn nooit tegelijk zichtbaar (744ms)
  ✓  103 e2e/invoerfeedback-zoeken-filters.spec.ts:182:5 › Zoeken en categorie: een categorieklik wist de zoekterm; de resultaatregel klopt met het aantal kaarten (610ms)
  ✓  102 e2e/invoerfeedback-zoeken-filters.spec.ts:165:5 › Opwaarderen met fout: geen axe-overtreding (1.3s)
  ✓  104 e2e/invoerfeedback-zoeken-filters.spec.ts:200:5 › Zoeken en categorie: nul resultaten en 'Wis zoekterm' zet de categorie terug op Alle (668ms)
  ✓  105 e2e/invoerfeedback-zoeken-filters.spec.ts:215:5 › Zoeken en categorie: het zoekveld leegmaken met Escape zet de categorie terug op Alle; spaties tellen als leeg (706ms)
  ✓  106 e2e/invoerfeedback-zoeken-filters.spec.ts:229:5 › Zoeken en categorie: axe met een resultaatregel (1.1s)
  ✓  107 e2e/invoerfeedback-zoeken-filters.spec.ts:238:5 › Ledenzoeker: geen lijst bij lege invoer; pijltoetsen, Enter, eerste resultaat actief (649ms)
  ✓  108 e2e/invoerfeedback-zoeken-filters.spec.ts:273:5 › Ledenzoeker: Escape sluit eerst de lijst, daarna wist het de tekst; Tab kiest niets (666ms)
  ✓  109 e2e/invoerfeedback-zoeken-filters.spec.ts:297:5 › Ledenzoeker: een klik buiten sluit de lijst; nul resultaten zijn een status (688ms)
  ✓  111 e2e/invoerfeedback-zoeken-filters.spec.ts:328:5 › Ledenzoeker: leden laden en een leesfout zijn zichtbaar (617ms)
  ✓  110 e2e/invoerfeedback-zoeken-filters.spec.ts:314:5 › Ledenzoeker: na een tabwissel staat de lijst gesloten tot de eerste toets of ArrowDown (746ms)
  ✓  112 e2e/invoerfeedback-zoeken-filters.spec.ts:338:5 › Ledenzoeker: een leesfout van de ledenlijst is een alert (579ms)
  ✓  113 e2e/invoerfeedback-zoeken-filters.spec.ts:343:5 › Ledenzoeker: twee lange gelijkende namen zijn volledig leesbaar op 768px, zonder overflow (820ms)
  ✓  115 e2e/invoerfeedback-zoeken-filters.spec.ts:380:7 › touch › Ledenzoeker: een tik op een optie kiest het lid, zonder hover (654ms)
  ✓  114 e2e/invoerfeedback-zoeken-filters.spec.ts:371:5 › Ledenzoeker: axe met open lijst (1.1s)
  ✓  116 e2e/invoerfeedback-zoeken-filters.spec.ts:397:5 › Lidwissel: aankondiging na wissel, bevestiging bij een ander lid, Terug laat alles intact (1.5s)
  ✓  117 e2e/invoerfeedback-zoeken-filters.spec.ts:419:5 › Lidwissel: 'Wissen en kiezen' leegt het mandje en kiest het lid; axe met de bevestiging (1.4s)
  ✓  118 e2e/invoerfeedback-zoeken-filters.spec.ts:432:5 › Lidwissel: hetzelfde lid of een leeg mandje vraagt geen bevestiging (917ms)
  ✓  119 e2e/invoerfeedback-zoeken-filters.spec.ts:450:5 › Lidwissel: de bevestiging past in het zijpaneel op 768px portret, zonder overlap met afrekenen (889ms)
  ✓  121 e2e/invoerfeedback-zoeken-filters.spec.ts:546:5 › Nieuw product: prijs toont leeg, ongeldig en nul bij blur of poging (728ms)
  ✓  120 e2e/invoerfeedback-zoeken-filters.spec.ts:507:5 › Nieuw lid: startsaldo en e-mail tonen hun fout bij blur of poging, niet op een ongewijzigd formulier (1.3s)
  ✓  122 e2e/invoerfeedback-zoeken-filters.spec.ts:570:5 › Product beheren: een ongeldige prijs laat de knop actief en toont de melding (630ms)
  ✓  123 e2e/invoerfeedback-zoeken-filters.spec.ts:585:5 › Lid beheren: een ongeldig e-mailadres toont de melding bij blur en poging (682ms)
  ✓  124 e2e/invoerfeedback-zoeken-filters.spec.ts:601:5 › Negatieve limiet: eigen bedrag toont ongeldig, teveel decimalen en negatief; 0 is geldig (656ms)
  ✓  125 e2e/invoerfeedback-zoeken-filters.spec.ts:625:5 › Opwaarderen: een tik met een te hoog bedrag boekt niet (695ms)
  ✓  126 e2e/invoerfeedback-zoeken-filters.spec.ts:634:5 › Opwaarderen: nul, negatief en te veel decimalen boeken niet bij een tik (922ms)
  ✓  127 e2e/invoerfeedback-zoeken-filters.spec.ts:646:5 › Zoeken en categorie: het zoekveld leegmaken met backspace zet de categorie terug op Alle (693ms)
  ✓  128 e2e/invoerfeedback-zoeken-filters.spec.ts:661:5 › Zoeken en categorie: 'Wis zoekterm' laat de focus niet op body vallen (627ms)
  ✓  129 e2e/invoerfeedback-zoeken-filters.spec.ts:669:5 › Zoeken en categorie: 'Alle' klikken met zoekterm wist de term en zet Alle aan (614ms)
  ✓  130 e2e/invoerfeedback-zoeken-filters.spec.ts:678:5 › Lidwissel: 'Wissen en kiezen' laat de focus niet op body vallen (804ms)
  ✓  131 e2e/invoerfeedback-zoeken-filters.spec.ts:689:5 › Lidwissel: geen aankondiging bij een leeg mandje of voordat er een lid was (765ms)
  ✓  133 e2e/leesfouten-herstel-aanvulling.spec.ts:138:9 › portal: Bijgewerkt om onder browser-tijdzone Pacific/Auckland › het label volgt Europe/Amsterdam, niet de zone van het apparaat (408ms)
  ✓  134 e2e/leesfouten-herstel-aanvulling.spec.ts:138:9 › portal: Bijgewerkt om onder browser-tijdzone America/Los_Angeles › het label volgt Europe/Amsterdam, niet de zone van het apparaat (430ms)
  ✓  135 e2e/leesfouten-herstel-aanvulling.spec.ts:151:7 › portal: overige leesfoutgevallen › Transacties: een mislukte verversing laat de lijst en het filter staan, role=status en geen alert (541ms)
  ✓  132 e2e/leesfouten-herstel-aanvulling.spec.ts:100:7 › portal: 30 s-drempel met bevroren klok › terugkeer na 29 s ververst niet, na 31 s wel; geen polling in tien minuten (1.9s)
  ✓  136 e2e/leesfouten-herstel-aanvulling.spec.ts:171:7 › portal: overige leesfoutgevallen › Saldo: geen members-rij voor het saldo geeft 'Log opnieuw in', geen verbindingstekst (455ms)
  ✓  137 e2e/leesfouten-herstel-aanvulling.spec.ts:225:7 › bar: fase fout en fail-closed › fase fout (my_bar_state mislukt): foutregel en 'Opnieuw proberen', GEEN uitlogknop en geen e-mailingang; retry herstelt (686ms)
  ✓  138 e2e/leesfouten-herstel-aanvulling.spec.ts:229:7 › bar: fase fout en fail-closed › fase fout: na een geslaagde retry staat de focus niet op body (659ms)
  ✓  139 e2e/leesfouten-herstel-aanvulling.spec.ts:233:7 › bar: fase fout en fail-closed › fail-closed: na een leesfout staat er geen assortiment of boekingenlijst op het scherm (647ms)
  ✓  140 e2e/leesfouten-herstel.spec.ts:217:7 › portal: leesfouten en herstel › Saldo: serverfout toont de code, een mislukte retry houdt de focus op de knop, herstel zet de focus op het saldo (1.6s)
  ✓  142 e2e/leesfouten-herstel.spec.ts:262:7 › portal: leesfouten en herstel › Saldo: transacties en instellingen falen apart, met een eigen 'Opnieuw proberen'; het saldo blijft staan (1.1s)
  ✓  143 e2e/leesfouten-herstel.spec.ts:291:7 › portal: leesfouten en herstel › Transacties-tab: een leesfout krijgt LeesFout; retry herstelt en laat het filter staan (502ms)
  ✓  144 e2e/leesfouten-herstel.spec.ts:308:7 › portal: leesfouten en herstel › een mislukte verversing laat de gegevens staan, met een melding (status, geen alert) en het oude tijdstip (1.7s)
  ✓  145 e2e/leesfouten-herstel.spec.ts:339:7 › portal: leesfouten en herstel › een mislukte verversing van de instellingen laat de laag-saldokaart op de laatst bekende drempel (477ms)
  ✓  146 e2e/leesfouten-herstel.spec.ts:353:7 › portal: actuele data › verouderde data: na visibilitychange (na 30 s) en na 'Verversen' staat het nieuwe saldo er, met een verse lijst (1.3s)
  ✓  147 e2e/leesfouten-herstel.spec.ts:382:7 › portal: actuele data › een verborgen tabblad ververst niet; terugkeer na een mislukte poging ververst ook binnen 30 s (902ms)
  ✓  141 e2e/leesfouten-herstel.spec.ts:252:7 › portal: leesfouten en herstel › Saldo: een netwerkfout noemt de verbinding, niet de serverkant (7.8s)
  ✓  149 e2e/leesfouten-herstel.spec.ts:434:7 › portal: actuele data › verbindingherstel ververst, ook binnen 30 s (440ms)
  ✓  148 e2e/leesfouten-herstel.spec.ts:407:7 › portal: actuele data › geen dubbele oproepen: knop, visibilitychange en online tijdens één lopende lezing geven één request per bron (1.6s)
  ✓  151 e2e/leesfouten-herstel.spec.ts:465:7 › portal: actuele data › zonder sessie blijft het loginscherm: geen leesfout en geen 'niet gekoppeld' (273ms)
  ✓  150 e2e/leesfouten-herstel.spec.ts:443:7 › portal: actuele data › Transacties: het filter blijft na verversen, een tabwissel leest altijd vers, het saldo volgt bij Saldo (1.3s)
  ✓  152 e2e/leesfouten-herstel.spec.ts:491:7 › portal: sessielookup (#115) › members geeft 500: foutscherm met code en retry, geen 'niet gekoppeld' en geen loginformulier; retry herstelt zonder opnieuw in te loggen (534ms)
  ✓  154 e2e/leesfouten-herstel.spec.ts:527:7 › portal: sessielookup (#115) › een mislukte retry houdt de focus op de knop (aria-disabled tijdens de retry), zonder automatische herhaling (1.5s)
  ✓  155 e2e/leesfouten-herstel.spec.ts:556:7 › portal: sessielookup (#115) › lookup slaagt zonder rij: denied met de bestaande tekst en het inlogformulier (346ms)
  ✓  156 e2e/leesfouten-herstel.spec.ts:566:7 › portal: sessielookup (#115) › achtergrondfout: dashboard en saldo blijven staan, geen foutscherm en geen denied (907ms)
  ✓  157 e2e/leesfouten-herstel.spec.ts:576:7 › portal: sessielookup (#115) › lookup slaagt zonder rij, sessie elders beëindigd: inlogscherm, geen denied (ADR 0022) (831ms)
  ✓  158 e2e/leesfouten-herstel.spec.ts:588:7 › portal: sessielookup (#115) › achtergrond, rij verdwenen: denied (911ms)
  ✓  159 e2e/leesfouten-herstel.spec.ts:596:7 › portal: sessielookup (#115) › een lookup per sessiestart (784ms)
  ✓  160 e2e/leesfouten-herstel.spec.ts:602:7 › portal: sessielookup (#115) › token-refresh faalt door het netwerk bij het openen: foutscherm met retry (niet eindeloos laden, niet het loginscherm); retry herstelt (1.4s)
  ✓  161 e2e/leesfouten-herstel.spec.ts:642:7 › portal: sessielookup (#115) › token-refresh geweigerd (geen fetch-fout): gewoon het loginscherm (270ms)
  ✓  162 e2e/leesfouten-herstel.spec.ts:661:7 › portal: sessielookup (#115) › uitloggen vanuit het foutscherm geeft het loginscherm (412ms)
  ✓  153 e2e/leesfouten-herstel.spec.ts:514:7 › portal: sessielookup (#115) › netwerkfout bij de lookup: 'Controleer de verbinding.'; retry herstelt (7.9s)
  ✓  163 e2e/leesfouten-herstel.spec.ts:672:7 › portal: sessielookup (#115) › identiteitswissel: na uitloggen en inloggen als iemand anders toont het dashboard niets van de eerste (743ms)
  ✓  164 e2e/leesfouten-herstel.spec.ts:687:7 › portal: sessielookup (#115) › a11y: de foutstaat is axe-schoon, met role=alert, knoppen van 44px en de focus niet op body na herstel (1.1s)
  ✓  165 e2e/leesfouten-herstel.spec.ts:724:7 › portal: sessielookup (#115) › uitloggen terwijl een achtergrondlookup loopt: de late respons zet niets, geen foutmelding (1.0s)
  ✓  166 e2e/leesfouten-herstel.spec.ts:742:7 › portal: sessielookup (#115) › snelle accountwissel: een late respons van de uitgelogde gebruiker mag het dashboard van de nieuwe niet overschrijven (1.3s)
  ✓  167 e2e/leesfouten-herstel.spec.ts:762:7 › portal: sessielookup (#115) › retry tijdens bezig: een tweede klik start geen tweede lookup (932ms)
  ✓  168 e2e/leesfouten-herstel.spec.ts:786:7 › portal: sessielookup (#115) › retry levert 'geen rij' op: denied (geen foutscherm), met het loginformulier (520ms)
  ✓  169 e2e/leesfouten-herstel.spec.ts:801:7 › portal: sessielookup (#115) › uitloggen vanaf het foutscherm met token- en logout-fouten (netwerk weg): lokaal opgeruimd, loginscherm (514ms)
  ✓  170 e2e/leesfouten-herstel.spec.ts:820:7 › portal: sessielookup (#115) › achtergrondlookup met netwerkfout: dashboard blijft ook zonder verbinding (989ms)
  ✓  172 e2e/leesfouten-herstel.spec.ts:866:7 › bar: leesfouten en herstel › namenlijst 500: foutregel, 'Opnieuw proberen' en de e-mailingang naar /beheer zijn bereikbaar; retry herstelt (715ms)
  ✓  173 e2e/leesfouten-herstel.spec.ts:899:7 › bar: leesfouten en herstel › namenlijst traag: ook tijdens laden is de e-mailingang er (314ms)
  ✓  171 e2e/leesfouten-herstel.spec.ts:829:7 › portal: sessielookup (#115) › achtergrond-refetch (naamswijziging) waarbij getSession() een netwerkfout geeft laat het dashboard staan (2.7s)
  ✓  174 e2e/leesfouten-herstel.spec.ts:979:7 › bar: Verkoop en andere leesschermen › Verkoop: assortiment faalt: foutregel met knop, mandje kan niet; retry herstelt en zet de focus op het assortiment (1.2s)
  ✓  175 e2e/leesfouten-herstel.spec.ts:997:7 › bar: Verkoop en andere leesschermen › Verkoop: ledenlijst faalt: Afrekenen en Opwaarderen blijven geblokkeerd, het mandje blijft na de retry staan (946ms)
  ✓  176 e2e/leesfouten-herstel.spec.ts:1021:7 › bar: Verkoop en andere leesschermen › Verkoop: bezetting en instellingen falen afzonderlijk, elk met een eigen herstelknop; Afrekenen en Opwaarderen blijven geblokkeerd (921ms)
  ✓  177 e2e/leesfouten-herstel.spec.ts:1043:7 › bar: Verkoop en andere leesschermen › Dienst: de boekingenlijst heeft een eigen herstelknop; retry herstelt (1.1s)
  ✓  178 e2e/leesfouten-herstel.spec.ts:1058:7 › bar: Verkoop en andere leesschermen › ActiviteitKeuze: activiteittypes falen: foutregel met knop in rail-stijl; retry herstelt zonder uitlogknop te vervangen (1.5s)
  ✓  179 e2e/leesfouten-herstel.spec.ts:1106:7 › beheer: leesfouten en herstel › Leden: een leesfout heeft een herstelknop; retry toont de lijst en zet de focus op de kop (1.5s)
  ✓  180 e2e/leesfouten-herstel.spec.ts:1117:7 › beheer: leesfouten en herstel › Assortiment: een leesfout heeft een herstelknop; retry herstelt (753ms)
  ✓  181 e2e/leesfouten-herstel.spec.ts:1127:7 › beheer: leesfouten en herstel › Instellingen: negatieve limiet en activiteitstypes falen afzonderlijk; elk herstelt met zijn eigen knop (778ms)
  ✓  182 e2e/leesfouten-herstel.spec.ts:1141:7 › beheer: leesfouten en herstel › Logboek: een leesfout heeft een herstelknop; retry herstelt (763ms)
  ✓  183 e2e/opslaan-sluiten-pending-aanvulling.spec.ts:77:5 › Bezetting: toevoegen blokkeert Escape, backdrop en Klaar; andere rijen disabled; één aanroep (1.1s)
  ✓  184 e2e/opslaan-sluiten-pending-aanvulling.spec.ts:112:5 › Bezetting: na 30 s zonder antwoord valt de blokkade, onbekende uitkomst, geen tweede aanroep (1.1s)
  ✓  185 e2e/opslaan-sluiten-pending-aanvulling.spec.ts:191:5 › Portal Naam wijzigen: pending blokkeert sluiten, bevriest het veld, Enter-herhaling geeft één aanroep (973ms)
  ✓  186 e2e/opslaan-sluiten-pending-aanvulling.spec.ts:230:5 › Portal Naam wijzigen: onopgeslagen vraagt bij alle sluitacties, ongewijzigd sluit direct (1.2s)
  ✓  187 e2e/opslaan-sluiten-pending-aanvulling.spec.ts:260:5 › Portal Naam wijzigen: na 30 s valt de blokkade, onbekende uitkomst, geen automatische tweede aanroep (772ms)
  ✓  188 e2e/opslaan-sluiten-pending-aanvulling.spec.ts:288:5 › Portal Wachtwoord wijzigen: pending blokkeert sluiten en bevriest de velden; één aanroep (1.0s)
  ✓  189 e2e/opslaan-sluiten-pending-aanvulling.spec.ts:321:5 › Portal Pincode: pending blokkeert sluiten en toetsen; één aanroep; onopgeslagen cijfers vragen bevestiging (1.7s)
  ✓  191 e2e/opslaan-sluiten-pending-aanvulling.spec.ts:458:5 › Afrekenen: focus blijft na 'Resultaat controleren' in de dialoog (1.0s)
  ✓  190 e2e/opslaan-sluiten-pending-aanvulling.spec.ts:438:5 › Afrekenen: afgebroken place_order toont de controletekst, geen 'probeer opnieuw', geen automatische retry na resultaatcontrole (2.6s)
  ✓  192 e2e/opslaan-sluiten-pending-aanvulling.spec.ts:467:5 › Afrekenen: een domeinfout (insufficient_balance) is géén onbekende uitkomst en vraagt geen controle (1.4s)
  ✓  193 e2e/opslaan-sluiten-pending-aanvulling.spec.ts:478:5 › Afrekenen: geen time-out voor geld: na 30 s blijft de dialoog geblokkeerd, geen onbekende uitkomst, één request (1.4s)
  ✓  194 e2e/opslaan-sluiten-pending-aanvulling.spec.ts:508:5 › Afrekenen: hangend verzoek faalt pas na 30 s: dan pas onbekende uitkomst, controle vereist, geen tweede request (1.6s)
  ✓  196 e2e/opslaan-sluiten-pending-aanvulling.spec.ts:554:5 › Opwaarderen: focus blijft na 'Resultaat controleren' in de dialoog (724ms)
  ✓  195 e2e/opslaan-sluiten-pending-aanvulling.spec.ts:536:5 › Opwaarderen: afgebroken top_up toont de controletekst, geen 'probeer opnieuw', geen automatische retry na resultaatcontrole (2.4s)
  ✓  197 e2e/opslaan-sluiten-pending-aanvulling.spec.ts:563:5 › Opwaarderen: geen time-out voor geld: pending blokkeert sluiten, na 30 s nog steeds, één aanroep (796ms)
  ✓  198 e2e/opslaan-sluiten-pending-aanvulling.spec.ts:591:5 › Opwaarderen: hangend verzoek faalt pas na 30 s: dan pas onbekende uitkomst, controle vereist, geen tweede request (1.4s)
  ✓  199 e2e/opslaan-sluiten-pending.spec.ts:37:5 › Nieuw lid: verloren antwoord blijft na herladen met dezelfde sleutel herstelbaar (1.7s)
  ✓  200 e2e/opslaan-sluiten-pending.spec.ts:73:5 › Nieuw lid: definitieve annulering beëindigt een bewaarde onbekende actie zonder nieuwe boeking (1.0s)
  ✓  201 e2e/opslaan-sluiten-pending.spec.ts:151:5 › Product beheren: prijs opslaan blokkeert Escape, backdrop en Sluiten; veld en knop bevroren (783ms)
  ✓  203 e2e/opslaan-sluiten-pending.spec.ts:204:5 › Lid beheren: lopende naamwijziging serialiseert de andere acties (één aanroep) (735ms)
  ✓  202 e2e/opslaan-sluiten-pending.spec.ts:188:5 › Product beheren: a11y-scan in pending-toestand (1.2s)
  ✓  204 e2e/opslaan-sluiten-pending.spec.ts:237:5 › Lid beheren: de fout van de ene actie wordt niet verdrongen door een andere (845ms)
  ✓  205 e2e/opslaan-sluiten-pending.spec.ts:259:5 › Nieuw product: alle sluitacties vragen om bevestiging bij gewijzigde invoer (1.0s)
  ✓  207 e2e/opslaan-sluiten-pending.spec.ts:331:5 › Nieuw lid: geen time-out voor geld: na 30 s blijft de dialoog geblokkeerd (929ms)
  ✓  206 e2e/opslaan-sluiten-pending.spec.ts:303:5 › Nieuw lid: afgebroken create_member toont de controletekst, geen 'probeer opnieuw', geen tweede request (1.9s)
  ✓  208 e2e/tablet-bruikbaarheid.spec.ts:65:9 › 768×1024 › verkoop: geen overflow, zijpaneel in beeld, badge bedekt naam en prijs niet (804ms)
  ✓  209 e2e/tablet-bruikbaarheid.spec.ts:116:9 › 768×1024 › beheer: alle tabs en Uitloggen in beeld, geen overflow (713ms)
  ✓  210 e2e/tablet-bruikbaarheid.spec.ts:65:9 › 1024×768 › verkoop: geen overflow, zijpaneel in beeld, badge bedekt naam en prijs niet (839ms)
  ✓  211 e2e/tablet-bruikbaarheid.spec.ts:116:9 › 1024×768 › beheer: alle tabs en Uitloggen in beeld, geen overflow (627ms)
  ✓  212 e2e/tablet-bruikbaarheid.spec.ts:65:9 › 1280×800 › verkoop: geen overflow, zijpaneel in beeld, badge bedekt naam en prijs niet (764ms)
  ✓  213 e2e/tablet-bruikbaarheid.spec.ts:116:9 › 1280×800 › beheer: alle tabs en Uitloggen in beeld, geen overflow (643ms)
  ✓  214 e2e/tablet-bruikbaarheid.spec.ts:164:9 › zoom › verkleinde layoutviewport (150% browserzoom op 1024×768) › Uitloggen bereikbaar, geen overflow (577ms)
  ✓  215 e2e/tablet-bruikbaarheid.spec.ts:174:9 › zoom › lettergrootte › verkoop op groter lettertype: Uitloggen blijft bereikbaar, geen overflow (602ms)

  215 passed (2.0m)
