
> abas@0.0.0 check:fast
> npm run lint && npm run typecheck && npm run test && npm run check:arch && npm run check:policy && npm run check:rls && npm run check:migrations && npm run check:adr


> abas@0.0.0 lint
> next lint --max-warnings=0

`next lint` is deprecated and will be removed in Next.js 16.
For new projects, use create-next-app to choose your preferred linter.
For existing projects, migrate to the ESLint CLI:
npx @next/codemod@canary next-lint-to-eslint-cli .

✔ No ESLint warnings or errors

> abas@0.0.0 typecheck
> tsc --noEmit


> abas@0.0.0 test
> node --test "test/**/*.test.ts"

(node:87251) [MODULE_TYPELESS_PACKAGE_JSON] Warning: Module type of file:///tmp/abas-frontend-fixes/test/accentContrast.test.ts is not specified and it doesn't parse as CommonJS.
Reparsing as ES module because module syntax was detected. This incurs a performance overhead.
To eliminate this warning, add "type": "module" to /tmp/abas-frontend-fixes/package.json.
(Use `node --trace-warnings ...` to show where the warning was created)
✔ donkere tekst (text-rail) op accent haalt AA (2.364413ms)
✔ donkere tekst (text-rail) op accent-hover haalt AA (#66) (0.301318ms)
✔ witte tekst op accent-active haalt AA (0.211024ms)
✔ de oude accent-hover (#d94d1a) zou deze test laten falen (0.292828ms)
✔ text-success op track, wit en canvas haalt AA (#88) (0.372573ms)
✔ de oude success (#157f4a) zou op track falen (0.236315ms)
✔ witte tekst op accent-pressed (hover/ingedrukt) haalt AA (T12) (0.617302ms)
✔ aanpalende paren: text-accent-active op wit en canvas, text-danger op accent-soft (0.258987ms)
✔ alle klasse-literals in src/ met bg-<token> + text-<token|white> halen AA in rust, hover, active en focus (62.018571ms)
✔ de scan zou het oude geval (bg-accent-active text-white hover:bg-accent) hebben gevangen (0.756859ms)
✔ knopStijlen: wit nooit op hover/accent, donker nooit met text-white (4.111383ms)
✔ taal: 'cash' wordt 'contant' (F27) (0.354941ms)
✔ taal: geen 'Invite' of 'Annuleer' in UI-tekst (JSX-tekst en stringliteralen) (25.35091ms)
✔ scan: wit op hover/accent en wit op accent-hover worden gevangen, donker op accent-hover niet (0.384209ms)
✔ Manrope: woff2 is geldig, licentie staat erbij en er is geen extern fontverzoek in de broncode (11.14615ms)
✔ kleurparen binnen één JSX-element mogen niet over meerdere literals verdeeld zijn: wit op bg-accent/accent-hover (23.68373ms)
(node:87252) [MODULE_TYPELESS_PACKAGE_JSON] Warning: Module type of file:///tmp/abas-frontend-fixes/test/apparaat.test.ts is not specified and it doesn't parse as CommonJS.
Reparsing as ES module because module syntax was detected. This incurs a performance overhead.
To eliminate this warning, add "type": "module" to /tmp/abas-frontend-fixes/package.json.
(Use `node --trace-warnings ...` to show where the warning was created)
✔ een apparaattoken is 256 bit, base64url, 43 tekens (17.702692ms)
✔ twee tokens zijn nooit gelijk (0.984811ms)
✔ alleen een token van ons formaat is geldig (0.319977ms)
✔ de hash is SHA-256 in hexadecimaal, deterministisch, en niet het token zelf (11.366588ms)
✔ de hash klopt met een bekende SHA-256 (4.518238ms)
✔ het cookie: HttpOnly, SameSite=Strict, overal geldig, een maand (0.453355ms)
✔ Secure alleen als gevraagd (lokaal en in CI draait de app op http) (0.375356ms)
✔ het session_id-claim wordt uit een access token gelezen (0.825918ms)
✔ geen (geldig) claim, geen JWT: null (1.160221ms)
(node:87254) [MODULE_TYPELESS_PACKAGE_JSON] Warning: Module type of file:///tmp/abas-frontend-fixes/test/authErrors.test.ts is not specified and it doesn't parse as CommonJS.
Reparsing as ES module because module syntax was detected. This incurs a performance overhead.
To eliminate this warning, add "type": "module" to /tmp/abas-frontend-fixes/package.json.
(Use `node --trace-warnings ...` to show where the warning was created)
✔ weak_password en same_password worden op error.code herkend (0.969767ms)
✔ reauthentication_needed en reauthentication_not_valid → reauth_required (0.216554ms)
✔ rate limit wordt op de tekst herkend, zoals isRateLimitedMessage (0.203546ms)
✔ al het andere is unknown (0.439456ms)
✔ passwordUpdateErrorMessage: de vastgelegde teksten (0.220137ms)
(node:87259) [MODULE_TYPELESS_PACKAGE_JSON] Warning: Module type of file:///tmp/abas-frontend-fixes/test/backupPlatform.test.ts is not specified and it doesn't parse as CommonJS.
Reparsing as ES module because module syntax was detected. This incurs a performance overhead.
To eliminate this warning, add "type": "module" to /tmp/abas-frontend-fixes/package.json.
(Use `node --trace-warnings ...` to show where the warning was created)
✔ backup config requires matching project, full recipient and output outside repository (2.781419ms)
✔ storage backup recurses, hashes bytes and names local files independently of remote names (33.870916ms)
✔ storage backup fails closed on errors and hostile names (2.062443ms)
✔ command failure does not print passwords or leave an encrypted success artifact (1.245801ms)
✔ complete backup publishes only ciphertext and checksum and forces database TLS (5.831576ms)
(node:87265) [MODULE_TYPELESS_PACKAGE_JSON] Warning: Module type of file:///tmp/abas-frontend-fixes/test/barLogin.test.ts is not specified and it doesn't parse as CommonJS.
Reparsing as ES module because module syntax was detected. This incurs a performance overhead.
To eliminate this warning, add "type": "module" to /tmp/abas-frontend-fixes/package.json.
(Use `node --trace-warnings ...` to show where the warning was created)
✔ de namenlijst geeft alleen id en naam, nooit de rol (ADR 0017) (6.519086ms)
✔ isUuid accepteert alleen een uuid (0.841401ms)
✔ zonder apparaatcookie is het altijd alleen wachtwoord, en de database wordt niet eens gevraagd (1.556739ms)
(node:87265) [MODULE_TYPELESS_PACKAGE_JSON] Warning: Module type of file:///tmp/abas-frontend-fixes/src/lib/barLogin.ts is not specified and it doesn't parse as CommonJS.
Reparsing as ES module because module syntax was detected. This incurs a performance overhead.
To eliminate this warning, add "type": "module" to /tmp/abas-frontend-fixes/package.json.
(Use `node --trace-warnings ...` to show where the warning was created)
✔ met apparaatcookie: de database beslist, met de hash en niet het token (32.55132ms)
✔ een geblokkeerde PIN komt als vlag terug (3.028041ms)
✔ een beheerder zonder tweede factor: pin_needs_mfa komt als vlag terug (ADR 0017) (5.890791ms)
✔ een cookie dat niet van ons formaat is, telt als geen cookie (0.620693ms)
✔ wachtwoordlogin: sessie, apparaat vertrouwd, sessie geregistreerd, cookie gezet (5.788842ms)
✔ een bestaand apparaatcookie wordt hergebruikt en ververst (5.611313ms)
✔ een ingetrokken apparaat (afgemeld) krijgt een nieuw cookie (6.765892ms)
✔ een fout wachtwoord: invalid_credentials, geen apparaat, geen registratie, geen cookie (0.611218ms)
✔ te veel pogingen bij Supabase Auth: rate_limited (0.28264ms)
✔ een andere Auth-fout: unknown (0.218087ms)
✔ een gearchiveerd lid, of zonder bar-rol: not_allowed, en er wordt niet ingelogd (0.349546ms)
✔ een lid zonder account: no_account (0.322089ms)
✔ mislukt registreren laat geen sessie achter: alleen deze sessie wordt lokaal gesloten (2.799377ms)
✔ registreren geweigerd omdat het lid intussen niet meer mag: not_allowed en sessie gesloten (1.200623ms)
✔ een access token zonder session_id kan niet geregistreerd worden: unknown en sessie gesloten (1.223422ms)
✔ het apparaat kan niet vertrouwd worden: unknown en sessie gesloten (1.672448ms)
✔ PIN-login zonder apparaatcookie: pin_not_available, zonder de database te vragen (0.548897ms)
✔ PIN-login: verify_bar_pin, sessie zonder wachtwoord, registreren, cookie ververst (2.790813ms)
✔ PIN-login: verify_bar_pin not_allowed → not_allowed, geen sessie, geen cookie (1.517777ms)
✔ PIN-login: verify_bar_pin no_account → no_account, geen sessie, geen cookie (2.518369ms)
✔ PIN-login: verify_bar_pin pin_not_available → pin_not_available, geen sessie, geen cookie (0.781556ms)
✔ PIN-login: verify_bar_pin pin_locked → pin_locked, geen sessie, geen cookie (2.188832ms)
✔ PIN-login: verify_bar_pin pin_needs_mfa → pin_needs_mfa, geen sessie, geen cookie (2.020755ms)
✔ PIN-login: verify_bar_pin iets_nieuws → unknown, geen sessie, geen cookie (1.623724ms)
✔ PIN-login: een foute PIN geeft de resterende pogingen mee (3.455607ms)
✔ PIN-login: een PIN die geen vier cijfers is, gaat niet naar de database (en telt niet mee) (0.53018ms)
✔ PIN-login: mislukt sessie aanmaken of registreren sluit de nieuwe sessie lokaal (2.962649ms)
✔ PIN-login zonder magic-link-token: unknown, geen registratie (2.566187ms)
✔ wachtwoord vergeten stuurt de herstelflow naar het adres van het lid (0.545648ms)
✔ wachtwoord vergeten is neutraal: geen mail voor een lid zonder account, een gearchiveerd lid of zonder adres, en het gooit niet (8.097772ms)
✔ wachtwoordlogin: eerst één reservering in wachtwoord_ip en wachtwoord_lid, met het IP en het lid als sleutel (2.464728ms)
✔ wachtwoordlogin: wachtwoord_ip vol → rate_limited, zonder Supabase Auth, database of release (0.753785ms)
✔ wachtwoordlogin: wachtwoord_lid vol → rate_limited, zonder Supabase Auth, database of release (0.210869ms)
✔ wachtwoordlogin: een fout wachtwoord houdt de reservering (geen release) (0.234316ms)
✔ wachtwoordlogin: geslaagd telt niet → release van de reservering (1.613896ms)
✔ wachtwoordlogin: rate_limited bij Supabase Auth telt niet → release van de reservering (0.359285ms)
✔ wachtwoordlogin: een andere Auth-fout telt niet → release van de reservering (0.228018ms)
✔ wachtwoordlogin: not_allowed telt niet → release van de reservering (0.221843ms)
✔ wachtwoordlogin: no_account telt niet → release van de reservering (0.207938ms)
✔ wachtwoordlogin: registreren mislukt telt niet → release van de reservering (3.909517ms)
✔ wachtwoordlogin: een uitzondering na de reservering geeft haar ook vrij (finally) (2.144327ms)
✔ wachtwoordlogin: mislukt de release, dan krijgt de gebruiker toch zijn uitkomst (1.854173ms)
✔ wachtwoordlogin: kan de limiet niet gereserveerd worden, dan geen login (gooit) (3.081516ms)
✔ PIN-login: pin_ip vol → rate_limited, zonder verify_bar_pin of release (0.406937ms)
✔ PIN-login: alleen invalid_pin houdt de reservering in pin_ip (2.50442ms)
✔ PIN-login: een geslaagde login, een databasefout en een mislukte sessie geven de reservering vrij (1.905431ms)
✔ PIN-login: een uitzondering in verify_bar_pin geeft de reservering ook vrij (finally) (6.657021ms)
✔ PIN-login: zonder apparaatcookie of met een PIN van het verkeerde formaat wordt er niets gereserveerd (0.553257ms)
✔ wachtwoord vergeten: één reservering in de drie buckets, dan de mail, nooit een release (0.370851ms)
✔ wachtwoord vergeten: vergeten_lid vol → geen mail, limited (0.490337ms)
✔ wachtwoord vergeten: vergeten_ip vol → geen mail, limited (0.147799ms)
✔ wachtwoord vergeten: vergeten_totaal vol → geen mail, limited (0.299637ms)
✔ wachtwoord vergeten: ook een lid zonder account telt als aanvraag (geen release) (0.427452ms)
✔ wachtwoord vergeten: het antwoord is voor elk lid hetzelfde, ook als de mail of de limiet faalt (0.559163ms)
✔ PIN-login: kan pin_ip niet gereserveerd worden, dan geen poging op de PIN (gooit) (0.434814ms)
✔ wachtwoordlogin: not_allowed en no_account tellen niet mee in de limiet (0.312437ms)
✔ wachtwoordlogin: een lege limietsleutel wordt niet gebruikt (het IP komt altijd mee) (0.619083ms)
✔ de sleutel per lid is dezelfde voor een memberId in hoofdletters (wachtwoord_lid, vergeten_lid) (12.53319ms)
(node:87266) [MODULE_TYPELESS_PACKAGE_JSON] Warning: Module type of file:///tmp/abas-frontend-fixes/test/barLoginTypes.test.ts is not specified and it doesn't parse as CommonJS.
Reparsing as ES module because module syntax was detected. This incurs a performance overhead.
To eliminate this warning, add "type": "module" to /tmp/abas-frontend-fixes/package.json.
(Use `node --trace-warnings ...` to show where the warning was created)
✔ wachtwoord: de vijf bekende foutcodes komen door (2.262362ms)
✔ wachtwoord: al het andere is unknown (0.246834ms)
✔ pin: de acht bekende foutcodes komen door (0.195858ms)
✔ pin: al het andere is unknown (0.212783ms)
✔ verify_bar_pin.result_code: ok is geen fout en wordt nooit als succes doorgelaten (0.278466ms)
✔ verify_bar_pin.result_code: de andere codes worden foutcodes (0.229014ms)
(node:87277) [MODULE_TYPELESS_PACKAGE_JSON] Warning: Module type of file:///tmp/abas-frontend-fixes/test/barSessie.test.ts is not specified and it doesn't parse as CommonJS.
Reparsing as ES module because module syntax was detected. This incurs a performance overhead.
To eliminate this warning, add "type": "module" to /tmp/abas-frontend-fixes/package.json.
(Use `node --trace-warnings ...` to show where the warning was created)
✔ de inactiviteitstijd is 60 minuten (spiegel van bar_inactivity_limit in 0028) (1.557935ms)
✔ de hartslag gaat hooguit één keer per minuut (0.577991ms)
✔ de sessiecodes van de guards, met aal2_required (0034, ADR 0017) (1.069245ms)
✔ no_bar_session is een sessiecode (0.284248ms)
✔ session_ended is een sessiecode (0.308483ms)
✔ session_inactive is een sessiecode (0.142863ms)
✔ wrong_mode is een sessiecode (1.095822ms)
✔ no_bar_role is een sessiecode (0.15941ms)
✔ session_not_on_shift is een sessiecode (0.33225ms)
✔ aal2_required is een sessiecode (0.230804ms)
✔ een bijna-code is geen sessiecode: exact vergelijken, geen prefix of hoofdletters (0.355037ms)
✔ geen sessiecode: null, undefined, getallen en objecten zonder message (0.150079ms)
✔ de eerste tik zet altijd een hartslag (0.133115ms)
✔ binnen een minuut geen tweede hartslag, daarna wel (0.10644ms)
✔ het interval is aan te passen (0.932765ms)
✔ msUntilInactive telt terug vanaf de laatste activiteit (0.253928ms)
✔ msUntilInactive wordt nooit negatief (0.104127ms)
✔ zonder cookie is een sessie nog niet bevestigd (browser dicht en weer open) (0.965188ms)
✔ na 'Verder' of een login is de sessie bevestigd, tot uitloggen (0.645111ms)
✔ bevestigd alleen bij een gelijk session_id: een vlag van een vorige sessie bevestigt geen nieuwe login (0.39809ms)
✔ het cookie is een sessiecookie: Path=/, SameSite=Strict, geen Max-Age/Expires, geen HttpOnly (0.395332ms)
✔ op https krijgt het cookie Secure (0.570322ms)
✔ wissen zet Max-Age=0 op hetzelfde pad (0.236222ms)
✔ andere cookies naast het cookie verstoren het lezen niet (0.23864ms)
✔ een ongeldig session_id wordt niet geschreven (0.256345ms)
✔ geen cookies (buiten de browser): nooit bevestigd, en niets gooit (0.387737ms)
✔ geblokkeerde cookies: liever een keer te vaak vragen dan gooien (0.615011ms)
✔ een actieve sessie krijgt geen melding (0.302332ms)
✔ inactief: met of zonder dienst die open bleef (0.198972ms)
✔ afgemeld, rol gewijzigd en gearchiveerd (0.189383ms)
✔ zelf uitgelogd of niet hervat: de eigen actie, dus geen melding (0.181776ms)
✔ een onbekende sluitreden krijgt de neutrale melding (0.170477ms)
✔ sessieMeldingReden: beheerder_geworden krijgt een eigen melding, niet rol_gewijzigd (ADR 0017, besloten 11) (0.175174ms)
(node:87278) [MODULE_TYPELESS_PACKAGE_JSON] Warning: Module type of file:///tmp/abas-frontend-fixes/test/barState.test.ts is not specified and it doesn't parse as CommonJS.
Reparsing as ES module because module syntax was detected. This incurs a performance overhead.
To eliminate this warning, add "type": "module" to /tmp/abas-frontend-fixes/package.json.
(Use `node --trace-warnings ...` to show where the warning was created)
✔ geen sessie: { session: null } (4.400294ms)
✔ een actieve sessie zonder dienst (0.422944ms)
✔ de eigen dienst met activiteittype (0.322451ms)
✔ een dienst zonder activiteittype (van vóór 0019) heeft activityTypeName null (0.206382ms)
✔ een dienst elders, met wie er ingelogd is, en een wees-dienst (0.42572ms)
✔ waarom de laatste koppeling eindigde: alleen overgenomen en afgesloten door beheerder (0.285185ms)
✔ een gesloten sessie: status en reden komen mee, zonder dienstdata (0.298593ms)
✔ meldingen voor een beheerder (0.552406ms)
✔ het beheeroverzicht (0.728242ms)
✔ een vorm die de RPC nooit teruggeeft, gooit (0.915079ms)
✔ resumable (0034, ADR 0017): alleen true als de RPC het zegt (0.405123ms)
✔ beheerder_geworden (ADR 0017, besloten 11): als sluitreden en als meldingreden (0.186083ms)
(node:87284) [MODULE_TYPELESS_PACKAGE_JSON] Warning: Module type of file:///tmp/abas-frontend-fixes/test/beheerCallback.test.ts is not specified and it doesn't parse as CommonJS.
Reparsing as ES module because module syntax was detected. This incurs a performance overhead.
To eliminate this warning, add "type": "module" to /tmp/abas-frontend-fixes/package.json.
(Use `node --trace-warnings ...` to show where the warning was created)
✔ token_hash met type=email wordt via verifyOtp ingewisseld, daarna koppelen en naar /beheer (9.987126ms)
✔ token_hash met type=magiclink wordt via verifyOtp ingewisseld, daarna koppelen en naar /beheer (2.55068ms)
✔ token_hash met type=invite wordt via verifyOtp ingewisseld, daarna koppelen en naar /beheer (1.991595ms)
✔ token_hash met type="recovery" leidt niet tot verifyOtp (1.195937ms)
✔ token_hash met type="signup" leidt niet tot verifyOtp (1.079268ms)
✔ token_hash met type="email_change" leidt niet tot verifyOtp (0.743687ms)
✔ token_hash met type="EMAIL" leidt niet tot verifyOtp (0.783882ms)
✔ token_hash met type="" leidt niet tot verifyOtp (1.612334ms)
✔ token_hash met type="onzin" leidt niet tot verifyOtp (2.185007ms)
✔ token_hash zonder type leidt niet tot verifyOtp (1.140279ms)
✔ type zonder token_hash (of met lege token_hash) leidt niet tot verifyOtp (1.005478ms)
✔ zonder parameters: geen auth-call, gewoon naar /beheer (0.603745ms)
✔ ?code= (PKCE) blijft werken: exchangeCodeForSession, daarna koppelen (0.680555ms)
✔ ?code= met een onbekend token_hash-type valt terug op de PKCE-exchange (0.686728ms)
✔ mislukte verifyOtp: niet koppelen, wel terug naar /beheer (inlogformulier) (4.163257ms)
✔ mislukte PKCE-exchange (link op ander apparaat geopend): niet koppelen (0.542756ms)
✔ redirect blijft op de eigen origin, ook met een next/redirect_to-parameter (0.403676ms)
(node:87284) [MODULE_TYPELESS_PACKAGE_JSON] Warning: Module type of file:///tmp/abas-frontend-fixes/src/app/(bar)/beheer/callback/route.ts is not specified and it doesn't parse as CommonJS.
Reparsing as ES module because module syntax was detected. This incurs a performance overhead.
To eliminate this warning, add "type": "module" to /tmp/abas-frontend-fixes/package.json.
(Use `node --trace-warnings ...` to show where the warning was created)
(node:87296) [MODULE_TYPELESS_PACKAGE_JSON] Warning: Module type of file:///tmp/abas-frontend-fixes/test/beheerProductFilter.test.ts is not specified and it doesn't parse as CommonJS.
Reparsing as ES module because module syntax was detected. This incurs a performance overhead.
To eliminate this warning, add "type": "module" to /tmp/abas-frontend-fixes/package.json.
(Use `node --trace-warnings ...` to show where the warning was created)
▶ filterBeheerProducten
  ✔ toont zonder zoekterm alleen de gekozen status, in serverVolgorde (2.550062ms)
  ✔ trimt en negeert hoofdletters; spaties alleen telt als leeg (0.247266ms)
  ✔ zoekt ook op categorie (0.310721ms)
✔ filterBeheerProducten (4.902075ms)
▶ telPerStatus
  ✔ telt alles zonder zoekterm (0.425069ms)
  ✔ tellers volgen de zoekterm (0.451851ms)
✔ telPerStatus (2.921479ms)
▶ leegReden
  ✔ onderscheidt geen producten, geen treffers en leeg filter (0.604355ms)
  ✔ zoekterm die alleen in de andere status matcht is geen 'geen treffers' (0.482766ms)
✔ leegReden (1.453846ms)
▶ isLaatsteActieveType
  ✔ waar bij precies een actief type dat het gekozen type is (1.185302ms)
  ✔ onwaar bij twee actieve types (0.263795ms)
  ✔ onwaar bij nul actieve types (0.212886ms)
  ✔ onwaar als het gekozen type zelf gearchiveerd is (0.800631ms)
  ✔ onwaar bij een onbekend id (1.018066ms)
✔ isLaatsteActieveType (4.011899ms)
(node:87297) [MODULE_TYPELESS_PACKAGE_JSON] Warning: Module type of file:///tmp/abas-frontend-fixes/test/beheerderGeworden.test.ts is not specified and it doesn't parse as CommonJS.
Reparsing as ES module because module syntax was detected. This incurs a performance overhead.
To eliminate this warning, add "type": "module" to /tmp/abas-frontend-fixes/package.json.
(Use `node --trace-warnings ...` to show where the warning was created)
✔ de melding op het apparaat na beheerder_geworden (1.794221ms)
✔ de beheerdermelding 'Dienst zonder apparaat' met reden beheerder_geworden (0.314414ms)
✔ de beheerdermelding met reden beheerder_geworden zonder bekende naam (0.160984ms)
(node:87297) [MODULE_TYPELESS_PACKAGE_JSON] Warning: Module type of file:///tmp/abas-frontend-fixes/src/features/bar-sessie/teksten.ts is not specified and it doesn't parse as CommonJS.
Reparsing as ES module because module syntax was detected. This incurs a performance overhead.
To eliminate this warning, add "type": "module" to /tmp/abas-frontend-fixes/package.json.
(Use `node --trace-warnings ...` to show where the warning was created)
(node:87309) [MODULE_TYPELESS_PACKAGE_JSON] Warning: Module type of file:///tmp/abas-frontend-fixes/test/betaalmethode.test.ts is not specified and it doesn't parse as CommonJS.
Reparsing as ES module because module syntax was detected. This incurs a performance overhead.
To eliminate this warning, add "type": "module" to /tmp/abas-frontend-fixes/package.json.
(Use `node --trace-warnings ...` to show where the warning was created)
✔ methodLabel: 'cash' wordt 'contant', een onbekende methode blijft zoals hij is, null is leeg (0.968023ms)
(node:87335) [MODULE_TYPELESS_PACKAGE_JSON] Warning: Module type of file:///tmp/abas-frontend-fixes/test/cart.test.ts is not specified and it doesn't parse as CommonJS.
Reparsing as ES module because module syntax was detected. This incurs a performance overhead.
To eliminate this warning, add "type": "module" to /tmp/abas-frontend-fixes/package.json.
(Use `node --trace-warnings ...` to show where the warning was created)
✔ applyDelta voegt een nieuwe regel toe bij een positieve delta (2.118411ms)
✔ applyDelta negeert een niet-positieve delta op een onbekende regel (0.195088ms)
✔ applyDelta hoogt een bestaande regel op zonder de volgorde te wijzigen (0.312088ms)
✔ applyDelta verwijdert een regel die op nul uitkomt (0.246617ms)
✔ applyDelta verwijdert een regel die onder nul zou komen (0.160069ms)
✔ applyDelta laat het oorspronkelijke mandje ongemoeid (0.179788ms)
✔ applyDelta houdt regels van verschillende producten uit elkaar (0.113053ms)
✔ applyDelta voegt een tweede tik op hetzelfde product samen (1.556244ms)
✔ removeLine verwijdert alleen het opgegeven product (1.218075ms)
✔ removeLine is een no-op voor een product dat niet in het mandje zit (0.623881ms)
✔ removeLine laat het oorspronkelijke mandje ongemoeid (0.324421ms)
(node:87336) [MODULE_TYPELESS_PACKAGE_JSON] Warning: Module type of file:///tmp/abas-frontend-fixes/test/checkArchServerOnly.test.ts is not specified and it doesn't parse as CommonJS.
Reparsing as ES module because module syntax was detected. This incurs a performance overhead.
To eliminate this warning, add "type": "module" to /tmp/abas-frontend-fixes/package.json.
(Use `node --trace-warnings ...` to show where the warning was created)
✔ basisboom: type-only import uit een server-only module en losse typesmodule zijn toegestaan (579.914765ms)
✔ 1: use client-module bereikt admin.ts via barLogin.ts (311.567427ms)
✔ 2: module in een clientmap zonder directive, relatieve import met extensie (347.750866ms)
✔ 3: re-export met extensie wordt gevolgd (349.387677ms)
✔ 4: dynamische import (227.383505ms)
✔ 5: require (220.507456ms)
✔ 6: kale side-effect-import (342.701107ms)
✔ 7: use client-bestand buiten de clientmappen (236.397832ms)
✔ 8: inline type telt niet als type-only (372.275751ms)
✔ 9: verplichte markering ontbreekt (213.17391ms)
✔ 9b: markering niet als eerste statement (208.434799ms)
✔ 9c: markering na comments en een directive telt als eerste statement (206.486925ms)
✔ 10: verplicht bestand ontbreekt (204.184946ms)
✔ 11: niet-letterlijke import (186.808149ms)
✔ 12: SUPABASE_SECRET_KEY buiten admin.ts (199.393503ms)
✔ 13: import alleen in een comment telt niet (213.470673ms)
✔ 14: type-export zonder puntkomma slokt de volgende echte import niet op (252.241273ms)
✔ 15: type-import zonder puntkomma slokt de volgende re-export niet op (232.100799ms)
✔ 16: type-export zonder puntkomma, gevolgd door side-effect-import, require en dynamische import (223.359483ms)
✔ 17: map-import met trailing slash en index.js wordt gevolgd (241.659119ms)
✔ 18: Server Component en route handler mogen server.ts en barLogin importeren (234.896258ms)
✔ 21: import/export zonder witruimte voor {, * of de string (212.247475ms)
✔ 22: default- en namespace-binding met niet-ASCII identifier (216.247649ms)
✔ 23: block-comment tussen keyword en binding scheidt de tokens (262.371692ms)
✔ 12b: admin.ts zelf mag SUPABASE_SECRET_KEY lezen (250.135927ms)
✔ 11b: niet-letterlijke require en template literal (188.905295ms)
✔ 24: "use server"-module wordt gevolgd, geen uitzondering (fail closed, ADR 0021 punt 6) (193.779653ms)
✔ 25: regel 1 (shell-isolatie) vangt ook dynamische import en require (188.630421ms)
✔ 26: regel 2 (features shell-onwetend) vangt ook dynamische import (182.87642ms)
✔ 27: regel 3 (@supabase alleen in src/lib/supabase) vangt ook dynamische import en require (187.513583ms)
✔ 28: regel 5 (cookie-isolatie, ADR 0009) vangt ook dynamische import en require (235.746033ms)
✔ 29: expliciete extensie wint van extensie-substitutie (dual.tsx naast dual.ts) (414.496871ms)
✔ 29b: trailing slash is een map (index), geen gelijknamig bestand (178.500845ms)
✔ 29c: .js-specifier wordt nog steeds naar het .ts-bestand opgelost (194.956766ms)
✔ 30: import-type-expressie (import("x").T, typeof import("x")) is type-only (182.68017ms)
✔ 31: "//" in een string verbergt de volgende dynamische import niet (183.681041ms)
✔ 32: import in een string of template telt niet als import (186.481836ms)
✔ 33: import x = require(...) wordt gevolgd, import type x = require(...) niet (366.837297ms)
(node:87339) [MODULE_TYPELESS_PACKAGE_JSON] Warning: Module type of file:///tmp/abas-frontend-fixes/test/checkDeploymentSchema.test.ts is not specified and it doesn't parse as CommonJS.
Reparsing as ES module because module syntax was detected. This incurs a performance overhead.
To eliminate this warning, add "type": "module" to /tmp/abas-frontend-fixes/package.json.
(Use `node --trace-warnings ...` to show where the warning was created)
✔ deployment contract accepts compatible schema and rejects absent columns (2.70059ms)
✔ deployment contract rejects the old invitation RPC and missing image RPC (0.66597ms)
✔ deployment request uses only read-only OpenAPI, blocks redirects and has a timeout (72.615836ms)
✔ legacy local service-role key uses bearer auth (4.796388ms)
✔ deployment check fails closed on missing config, auth errors and malformed API responses (5.2686ms)
✔ preview cannot reach production and production cannot build with a staging URL (5.608684ms)
(node:87358) [MODULE_TYPELESS_PACKAGE_JSON] Warning: Module type of file:///tmp/abas-frontend-fixes/test/checkReleaseCi.test.ts is not specified and it doesn't parse as CommonJS.
Reparsing as ES module because module syntax was detected. This incurs a performance overhead.
To eliminate this warning, add "type": "module" to /tmp/abas-frontend-fixes/package.json.
(Use `node --trace-warnings ...` to show where the warning was created)
✔ release requires full successful CI for current main SHA (47.340577ms)
✔ release rejects missing, running, skipped, stale and failed CI (15.895996ms)
✔ release fails closed without credentials or on API failure (2.783824ms)
(node:87359) [MODULE_TYPELESS_PACKAGE_JSON] Warning: Module type of file:///tmp/abas-frontend-fixes/test/checkRlsInvarianten.test.ts is not specified and it doesn't parse as CommonJS.
Reparsing as ES module because module syntax was detected. This incurs a performance overhead.
To eliminate this warning, add "type": "module" to /tmp/abas-frontend-fixes/package.json.
(Use `node --trace-warnings ...` to show where the warning was created)
✔ check:rls is groen op de ongewijzigde kopie (anders bewijzen de rode gevallen niets) (113.485712ms)
✔ check:rls faalt als tabelrechten_api_rollen.test.sql ontbreekt (113.441716ms)
✔ check:rls faalt als tabelrechten_api_rollen.test.sql leeg is (98.657477ms)
✔ check:rls faalt als tabelrechten_api_rollen.test.sql alleen nog commentaar is (96.239903ms)
✔ check:rls faalt als storage_bucket_limieten.test.sql ontbreekt (81.770664ms)
✔ check:rls faalt als storage_bucket_limieten.test.sql leeg is (95.650354ms)
✔ check:rls faalt als storage_bucket_limieten.test.sql alleen nog commentaar is (67.337359ms)
✔ check:rls faalt als de sequence-assertie uit de tabelrechten-invariant verdwijnt (61.449195ms)
✔ check:rls faalt als de storage-guard uit de tabelrechten-invariant verdwijnt (56.497451ms)
✔ check:rls faalt als 'TRUNCATE' uit de tabelrechten-invariant verdwijnt (49.934949ms)
✔ check:rls faalt als de mime-type-assertie uit de bucket-invariant verdwijnt (50.799449ms)
✔ check:rls faalt als de bestaanscheck op product-images uit de bucket-invariant verdwijnt (54.744437ms)
(node:87378) [MODULE_TYPELESS_PACKAGE_JSON] Warning: Module type of file:///tmp/abas-frontend-fixes/test/clientErrors.test.ts is not specified and it doesn't parse as CommonJS.
Reparsing as ES module because module syntax was detected. This incurs a performance overhead.
To eliminate this warning, add "type": "module" to /tmp/abas-frontend-fixes/package.json.
(Use `node --trace-warnings ...` to show where the warning was created)
✔ payload bevat precies de RPC-argumenten, geen message/details/hint/stack (6.313717ms)
✔ kind en code komen uit classifyLoadError (0.757293ms)
✔ path gaat zonder query-string, fragment en cijfers (0.539291ms)
✔ build is null zonder env of bij iets dat geen SHA is (0.743637ms)
✔ een hooknaam buiten het formaat levert geen payload op (0.29373ms)
✔ occurrences blijft binnen 1–10000 (6.395505ms)
✔ eerste melding gaat direct, herhalingen binnen 5 minuten tellen op (0.441442ms)
✔ dedupe is per (hook, kind, code) (0.400226ms)
✔ een mislukte melding: de telling loopt door naar de volgende (0.466344ms)
✔ de telling wordt afgekapt op 10000 (3.333059ms)
✔ reportClientError roept log_client_error aan met de payload, en dedupliceert (3.017373ms)
✔ reportClientError gooit nooit: niet bij een falende client-factory, rpc of afgewezen promise (23.906529ms)
✔ reportClientError logt ook naar de console, voor lokaal debuggen (1.601988ms)
✔ dedupe: network en server zonder code in dezelfde hook zijn aparte sleutels (0.453767ms)
✔ reportClientError: network en server zonder code in dezelfde hook worden allebei gemeld (0.619948ms)
✔ venstergrens: net onder 5 minuten telt op, op en net over 5 minuten meldt (0.268465ms)
✔ een nieuw venster begint bij de melding ná het venster, niet bij het oude begin (0.29674ms)
✔ restoreOccurrences zonder bestaande sleutel doet niets en wordt afgekapt op 10000 (0.267834ms)
✔ reportClientError: als de RPC een error teruggeeft, loopt de telling door naar de volgende melding (6.705697ms)
✔ reportClientError: als de RPC-promise afwijst, loopt de telling door naar de volgende melding (3.088747ms)
✔ reportClientError: een mislukte melding wordt niet zelf opnieuw gemeld (geen lus) (0.767586ms)
✔ reportClientError: een hook zonder use-prefix roept de RPC niet aan, maar logt wel lokaal (0.448101ms)
✔ reportClientError gooit niet als err zelf een getter heeft die gooit (0.288491ms)
✔ reportClientError stuurt het gesaneerde pad uit window.location mee (0.378393ms)
✔ sanitizePath: elke uitkomst voldoet aan het RPC-formaat, ook bij vijandige invoer (0.582832ms)
✔ sanitizeBuild accepteert alleen 7–40 kleine hex-tekens (0.283337ms)
✔ occurrences: NaN, Infinity en breuken worden een geldig geheel getal (0.255321ms)
✔ reportClientError: als de client-factory synchroon gooit, gooit hij niet en loopt de telling door na het venster (5.232111ms)
✔ reportClientError: als rpc() synchroon gooit, gooit hij niet en loopt de telling door na het venster (1.395233ms)
✔ reportClientError: een sessiecode is geen fout — geen log_client_error, geen console, wel doorgegeven (1.241273ms)
(node:87380) [MODULE_TYPELESS_PACKAGE_JSON] Warning: Module type of file:///tmp/abas-frontend-fixes/test/clientIp.test.ts is not specified and it doesn't parse as CommonJS.
Reparsing as ES module because module syntax was detected. This incurs a performance overhead.
To eliminate this warning, add "type": "module" to /tmp/abas-frontend-fixes/package.json.
(Use `node --trace-warnings ...` to show where the warning was created)
✔ x-real-ip gaat voor x-forwarded-for (67.547629ms)
✔ zonder x-real-ip: de eerste waarde van x-forwarded-for (0.589032ms)
✔ IPv6 is een geldig adres (5.982318ms)
✔ een ongeldige x-real-ip valt terug op x-forwarded-for (2.422401ms)
✔ geen of alleen ongeldige headers: de vaste sleutel 'onbekend' (0.783303ms)
(node:87387) [MODULE_TYPELESS_PACKAGE_JSON] Warning: Module type of file:///tmp/abas-frontend-fixes/test/date.test.ts is not specified and it doesn't parse as CommonJS.
Reparsing as ES module because module syntax was detected. This incurs a performance overhead.
To eliminate this warning, add "type": "module" to /tmp/abas-frontend-fixes/package.json.
(Use `node --trace-warnings ...` to show where the warning was created)
✔ dagSleutel: 31 dec 23:30Z is 1 januari in Amsterdam (1.207429ms)
✔ dagSleutel: 30 sep 22:30Z (zomertijd) is 1 oktober (0.297609ms)
✔ dagSleutel: wintertijd 25 oktober 2026 (25-uursdag): beide 02:30 op dezelfde dag (0.219824ms)
✔ dagSleutel: zomertijd 29 maart 2026 (23-uursdag) (0.20329ms)
✔ klokTijd: 24-uursklok in Amsterdam, zomer en winter (0.225285ms)
✔ dagKop: huidig jaar zonder jaartal (1.986557ms)
✔ dagKop: ander jaar met jaartal (0.233875ms)
✔ dagKop: het jaar volgt de Amsterdamse klok, ook voor `nu` (0.208817ms)
(node:87398) [MODULE_TYPELESS_PACKAGE_JSON] Warning: Module type of file:///tmp/abas-frontend-fixes/test/dienstTeLangOpen.test.ts is not specified and it doesn't parse as CommonJS.
Reparsing as ES module because module syntax was detected. This incurs a performance overhead.
To eliminate this warning, add "type": "module" to /tmp/abas-frontend-fixes/package.json.
(Use `node --trace-warnings ...` to show where the warning was created)
✔ shouldWarn zonder snooze: pas vanaf precies 6 uur (1.410886ms)
✔ snooze telt vanaf de tik, niet vanaf het volgende hele uur (0.294504ms)
✔ tweede snooze: weer precies een uur na de tik (0.34247ms)
✔ openHours: hele uren, naar beneden afgerond, zonder bovengrens (0.231608ms)
✔ klokverschil: start 5 minuten in de toekomst → 0 uur, geen melding (0.402629ms)
✔ constanten: drempel 6 uur, snooze 1 uur (besluiten 1 en 3) (0.163045ms)
✔ negatief: vóór 6 uur nooit een melding, ook niet met een (oude) snooze (1.831927ms)
✔ negatief: 1 milliseconde vóór het einde van het snooze-uur nog geen melding (0.296998ms)
✔ snooze direct op 6u00: volgende melding op 7u00 ('dus weer na 7u, 8u, ...') (2.573894ms)
✔ started_at zoals PostgREST hem levert (microseconden, +00:00) werkt gelijk aan Z (0.511452ms)
✔ zomer-/wintertijd: 6 echte uren over de terugschakeling (25 okt 2026) = melding (0.356573ms)
(node:87400) [MODULE_TYPELESS_PACKAGE_JSON] Warning: Module type of file:///tmp/abas-frontend-fixes/test/inviteMember.test.ts is not specified and it doesn't parse as CommonJS.
Reparsing as ES module because module syntax was detected. This incurs a performance overhead.
To eliminate this warning, add "type": "module" to /tmp/abas-frontend-fixes/package.json.
(Use `node --trace-warnings ...` to show where the warning was created)
sendMemberInvite (mark_member_invite_sent): { message: 'invite_account_mismatch' }
✔ een sessie die de beheercontrole niet haalt (wrong_mode) verstuurt geen invite (4.063548ms)
✔ een sessie die de beheercontrole niet haalt (no_bar_session) verstuurt geen invite (0.745804ms)
✔ een sessie die de beheercontrole niet haalt (session_ended) verstuurt geen invite (0.424846ms)
✔ een sessie die de beheercontrole niet haalt (session_inactive) verstuurt geen invite (0.654048ms)
✔ een sessie die de beheercontrole niet haalt (no_bar_role) verstuurt geen invite (1.3628ms)
✔ een sessie die de beheercontrole niet haalt (aal2_required) verstuurt geen invite (1.409613ms)
✔ no_admin_role uit de beheercontrole: dezelfde code als bij mark_member_invite_sent, geen invite (2.383062ms)
✔ een sessie in modus beheer: eerst de controle, dan de invite, dan de registratie (0.780145ms)
✔ een lid dat geen beheerder is, komt niet eens bij de controle (actorcheck blijft eerst) (1.00627ms)
✔ de registratie krijgt het auth-id dat inviteUserByEmail teruggaf (0.973482ms)
✔ invite_account_mismatch uit de registratie valt in unknown (1.221831ms)
✔ gearchiveerd lid: geen invite, geen RPC (0.764626ms)
(node:87400) [MODULE_TYPELESS_PACKAGE_JSON] Warning: Module type of file:///tmp/abas-frontend-fixes/src/lib/inviteMember.ts is not specified and it doesn't parse as CommonJS.
Reparsing as ES module because module syntax was detected. This incurs a performance overhead.
To eliminate this warning, add "type": "module" to /tmp/abas-frontend-fixes/package.json.
(Use `node --trace-warnings ...` to show where the warning was created)
(node:87402) [MODULE_TYPELESS_PACKAGE_JSON] Warning: Module type of file:///tmp/abas-frontend-fixes/test/ledger.test.ts is not specified and it doesn't parse as CommonJS.
Reparsing as ES module because module syntax was detected. This incurs a performance overhead.
To eliminate this warning, add "type": "module" to /tmp/abas-frontend-fixes/package.json.
(Use `node --trace-warnings ...` to show where the warning was created)
✔ filterLedger zoekt hoofdletterongevoelig op lid en product (2.223966ms)
✔ filterLedger filtert op wie de boeking deed (0.264116ms)
✔ groupByHour groepeert per uur en telt alleen verkopen als omzet (0.77043ms)
✔ groupByHour loopt over middernacht heen (0.341154ms)
✔ groupByHour voegt hetzelfde uur op een andere dag niet samen (0.343789ms)
✔ peopleWithCounts en ordersPerMember (15.130885ms)
✔ teruggedraaide bestellingen tellen niet mee als omzet of bon (0.669523ms)
✔ durationLabel (0.265188ms)
(node:87420) [MODULE_TYPELESS_PACKAGE_JSON] Warning: Module type of file:///tmp/abas-frontend-fixes/test/loadErrors.test.ts is not specified and it doesn't parse as CommonJS.
Reparsing as ES module because module syntax was detected. This incurs a performance overhead.
To eliminate this warning, add "type": "module" to /tmp/abas-frontend-fixes/package.json.
(Use `node --trace-warnings ...` to show where the warning was created)
✔ PostgREST-schemafout (#67) is een serverfout met code, geen verbindingsfout (3.613576ms)
✔ Postgres SQLSTATE's (ontbrekende tabel, RLS) tonen hun code (0.673554ms)
✔ een code die geen SQLSTATE/PostgREST-code is komt niet op het scherm (0.423467ms)
✔ mislukte fetch (per browser) is een netwerkfout (0.816936ms)
✔ abort/timeout is een netwerkfout (0.500666ms)
✔ onbekende fout (bv. bug in de mapping) geeft niet de verbinding de schuld (0.385438ms)
(node:87436) [MODULE_TYPELESS_PACKAGE_JSON] Warning: Module type of file:///tmp/abas-frontend-fixes/test/logboek-adversarieel.test.ts is not specified and it doesn't parse as CommonJS.
Reparsing as ES module because module syntax was detected. This incurs a performance overhead.
To eliminate this warning, add "type": "module" to /tmp/abas-frontend-fixes/package.json.
(Use `node --trace-warnings ...` to show where the warning was created)
✔ PostgREST-timestamps met microseconden en +00:00 sorteren en groeperen correct (5.846345ms)
✔ voegLogboekSamen: uitkomst is onafhankelijk van de invoervolgorde (totale orde, ook bij gelijke tijden) (1.186333ms)
✔ voegLogboekSamen: de top 200 is de echte top 200 als één bron er 201 levert en de andere nieuwere (1.565029ms)
✔ voegLogboekSamen: leeg en minder dan de limiet geeft nooit beperkt (0.442942ms)
✔ dagKop/klokTijd rond de zomertijdovergang 29 maart 2026 en wintertijd 25 oktober 2026 (0.404561ms)
✔ dagKop: `nu` op de jaarwissel in Amsterdam bepaalt het 'huidige jaar' (0.282053ms)
✔ describeRow: reden met alleen spaties geeft geen hangend scheidingsteken (1.702837ms)
✔ describeRow: terugdraaiing zonder oorspronkelijke bestelling (embed null) heeft geen verwijzing en geen hangend teken (0.558539ms)
✔ describeRow: terugdraaiing met refund 0 toont '€ 0,00 teruggeboekt' zonder teken; via bar (0.836533ms)
✔ describeRow: onbekende betaalmethode toont de waarde zelf; geen enkele rij toont rauw 'cash' (0.704256ms)
✔ filterLogboek: whitespace-zoekterm is geen filter; zoeken matcht niet op de bedragtekst of 'cash' (0.455029ms)
✔ filterLogboek: aandacht + zoekterm op terugdraaier vindt alleen de terugdraaiing; verkoper vindt niets (0.48043ms)
✔ countLabel: beperkt met filter en 0 resultaten (0.317567ms)
✔ µs-volgorde over bronnen: zelfde ms, andere µs, ongeacht id en fractielengte (4.629629ms)
✔ µs-gelijk valt terug op id aflopend (0.329716ms)
(node:87451) [MODULE_TYPELESS_PACKAGE_JSON] Warning: Module type of file:///tmp/abas-frontend-fixes/test/logboek.test.ts is not specified and it doesn't parse as CommonJS.
Reparsing as ES module because module syntax was detected. This incurs a performance overhead.
To eliminate this warning, add "type": "module" to /tmp/abas-frontend-fixes/package.json.
(Use `node --trace-warnings ...` to show where the warning was created)
✔ LOGBOEK_FILTERS bevat alle vijf chips, in deze volgorde (6.979195ms)
✔ clockLabel geeft HH:MM in Nederlandse tijd, niet apparaattijd (0.211122ms)
✔ describeRow: verkoop op saldo (0.20224ms)
✔ describeRow: enkelvoud 'item' bij itemCount 1 (0.118596ms)
✔ describeRow: losse verkoop zonder lid (6.385433ms)
✔ describeRow: een later teruggedraaide verkoop krijgt het zichtbare label 'Teruggedraaid', geen LET OP (0.209946ms)
✔ describeRow: opwaardering toont 'contant', nooit 'cash' (0.419128ms)
✔ describeRow: opwaardering zonder methode heeft geen hangend scheidingsteken (0.331558ms)
✔ describeRow: terugdraaiing is LET OP met reden, terugdraaier, via, bedrag en verwijzing (0.439016ms)
✔ describeRow: verwijzing naar een bestelling van een ander jaar bevat het jaar (0.487474ms)
✔ describeRow: lege reden geeft geen hangend scheidingsteken (0.323753ms)
✔ describeRow: terugdraaiing toont geen plusteken en de verkoper komt er niet in voor (0.230688ms)
✔ filterLogboek: 'alles' en 'geld' leveren alles op (ook de terugdraaiing), volgorde ongewijzigd (0.899435ms)
✔ filterLogboek: 'aandacht' toont alleen terugdraai-gebeurtenissen, niet de teruggedraaide verkoop (0.190651ms)
✔ filterLogboek: 'assortiment' en 'leden' leveren nooit iets op (0.249005ms)
✔ filterLogboek: gastverkoop (memberName null) is doorzoekbaar op 'losse verkoop' (0.351777ms)
✔ filterLogboek zoekt hoofdletterongevoelig op lid, actor, product en actie-tekst (0.517765ms)
✔ filterLogboek zoekt een terugdraaiing op reden en terugdraaier (0.382014ms)
✔ filterLogboek: de verkoper van een teruggedraaide bestelling is niet de actor van de terugdraaiing (0.20628ms)
✔ groepeerPerDag: aaneengesloten dagen, 'dinsdag 29 september' zonder jaar in het huidige jaar (0.44798ms)
✔ groepeerPerDag: jaar in de kop alleen bij een ander jaar (0.219552ms)
✔ groepeerPerDag: jaargrens 31 dec 23:30Z valt onder 1 januari (0.249538ms)
✔ groepeerPerDag: maandgrens 30 sep 22:30Z valt onder 1 oktober (0.187778ms)
✔ groepeerPerDag: wintertijdovergang 25 oktober 2026: beide 02:30 onder één dag, geen dubbele of verdwenen dag (0.263611ms)
✔ groepeerPerDag: zomertijdovergang 29 maart 2026 (0.192134ms)
✔ groepeerPerDag: lege lijst geeft geen groepen (0.073107ms)
✔ logboekKey bevat het soort: verkoop en terugdraaiing met hetzelfde order-id botsen niet (0.161578ms)
✔ voegLogboekSamen: sorteert drie bronnen op gebeurtenistijd, nieuwste eerst (0.25127ms)
✔ voegLogboekSamen: een late terugdraaiing van een zeer oude bestelling staat op de terugdraaitijd, ook als `orders` die bestelling niet bevat (0.222638ms)
✔ voegLogboekSamen: exact 200 is niet beperkt, 201 wel en de oudste valt weg (2.532094ms)
✔ voegLogboekSamen: gelijk tijdstip, een terugdraaiing staat boven zijn eigen verkoop (0.245698ms)
✔ voegLogboekSamen: gelijk tijdstip, grootste id eerst, ongeacht invoervolgorde (0.221931ms)
✔ countLabel (1.492261ms)
✔ countLabel: bij een beperkt resultaat staat 'meest recente 200' erbij (0.17251ms)
✔ reikwijdteTekst: altijd de soorten, alleen bij beperkt de melding over 200 (0.102471ms)
✔ logboekEmptyState: assortiment en leden zijn eerlijk, altijd, met hun eigen tekst (0.501693ms)
✔ logboekEmptyState: geen enkele tekst belooft 'elke handeling in de app' (0.200158ms)
✔ logboekEmptyState: org-breed nog niets vastgelegd (0.339668ms)
✔ logboekEmptyState: filter/zoekterm levert niets op terwijl er wél data is (0.12881ms)
✔ logboekEmptyState: bij een beperkt resultaat noemt 'niets gevonden' de reikwijdte (0.097303ms)
✔ logboekEmptyState: null zodra er resultaten zijn (0.069179ms)
(node:87452) [MODULE_TYPELESS_PACKAGE_JSON] Warning: Module type of file:///tmp/abas-frontend-fixes/test/mfa.test.ts is not specified and it doesn't parse as CommonJS.
Reparsing as ES module because module syntax was detected. This incurs a performance overhead.
To eliminate this warning, add "type": "module" to /tmp/abas-frontend-fixes/package.json.
(Use `node --trace-warnings ...` to show where the warning was created)
✔ de code heeft zes cijfers (1.388458ms)
✔ foutvertaling: foute code, te veel pogingen, al het andere (0.357836ms)
✔ de teksten zijn letterlijk die uit de spec (0.216359ms)
✔ alleen een geverifieerde TOTP-factor telt (6.634615ms)
✔ de code is nodig bij een factor en een aal1-sessie, niet anders (0.240352ms)
✔ leesMfaStatus: factor en aal (0.536265ms)
✔ sessieNodigCode volgt de aal van de sessie (0.837116ms)
✔ verifieerCode: challenge en verify op de geverifieerde factor (0.644263ms)
✔ verifieerCode: geen geldige code of geen factor → geen aanroep (0.316864ms)
(node:87472) [MODULE_TYPELESS_PACKAGE_JSON] Warning: Module type of file:///tmp/abas-frontend-fixes/test/money.test.ts is not specified and it doesn't parse as CommonJS.
Reparsing as ES module because module syntax was detected. This incurs a performance overhead.
To eliminate this warning, add "type": "module" to /tmp/abas-frontend-fixes/package.json.
(Use `node --trace-warnings ...` to show where the warning was created)
✔ formatCents rendert hele en gebroken bedragen in nl-NL-notatie (2.989425ms)
✔ formatCents gebruikt een punt als duizendtalscheiding (0.304696ms)
✔ formatCents zet het minteken ná het euroteken, niet ervoor (0.209792ms)
✔ parseEuroToCents accepteert beide decimaalscheidingstekens (2.358706ms)
✔ parseEuroToCents accepteert een bedrag zonder decimalen (0.282934ms)
✔ parseEuroToCents accepteert één decimaal (1.804443ms)
✔ parseEuroToCents negeert omringende spaties (0.385597ms)
✔ parseEuroToCents geeft null voor leeg of alleen spaties (0.426004ms)
✔ parseEuroToCents weigert alles wat geen kaal decimaal getal is (0.406119ms)
✔ parseEuroToCents weigert een negatief bedrag (0.278672ms)
✔ parseEuroToCents weigert meer dan twee decimalen (0.177167ms)
✔ parseEuroToCents geeft 0 voor een ingetikte nul (0.156126ms)
✔ parseEuroToCents rondt geen drijvende-kommafout in (1.448189ms)
✔ parseEuroToCents verwerkt een bedrag ver boven de opwaardeergrens (0.151563ms)
(node:87479) [MODULE_TYPELESS_PACKAGE_JSON] Warning: Module type of file:///tmp/abas-frontend-fixes/test/moneyHooksFoutlogging.test.ts is not specified and it doesn't parse as CommonJS.
Reparsing as ES module because module syntax was detected. This incurs a performance overhead.
To eliminate this warning, add "type": "module" to /tmp/abas-frontend-fixes/package.json.
(Use `node --trace-warnings ...` to show where the warning was created)
✔ usePlaceOrder meldt domeinuitkomst no_bar_session niet (12.184877ms)
✔ usePlaceOrder meldt domeinuitkomst session_ended niet (0.447029ms)
✔ usePlaceOrder meldt domeinuitkomst session_inactive niet (0.502063ms)
✔ usePlaceOrder meldt domeinuitkomst wrong_mode niet (0.860394ms)
✔ usePlaceOrder meldt domeinuitkomst no_bar_role niet (0.609681ms)
✔ usePlaceOrder meldt domeinuitkomst session_not_on_shift niet (1.308276ms)
✔ usePlaceOrder meldt domeinuitkomst shift_not_open niet (0.60776ms)
✔ usePlaceOrder meldt domeinuitkomst served_by_not_on_shift niet (0.974476ms)
✔ usePlaceOrder meldt domeinuitkomst empty_order niet (1.230937ms)
✔ usePlaceOrder meldt domeinuitkomst invalid_qty niet (0.738241ms)
✔ usePlaceOrder meldt domeinuitkomst product_not_available niet (0.448038ms)
✔ usePlaceOrder meldt domeinuitkomst member_not_found niet (0.437949ms)
✔ usePlaceOrder meldt domeinuitkomst insufficient_balance niet (0.387345ms)
✔ useTopUp meldt domeinuitkomst no_bar_session niet (2.897035ms)
✔ useTopUp meldt domeinuitkomst session_ended niet (0.485209ms)
✔ useTopUp meldt domeinuitkomst session_inactive niet (0.287845ms)
✔ useTopUp meldt domeinuitkomst wrong_mode niet (0.349552ms)
✔ useTopUp meldt domeinuitkomst no_bar_role niet (0.289904ms)
✔ useTopUp meldt domeinuitkomst session_not_on_shift niet (0.238893ms)
✔ useTopUp meldt domeinuitkomst self_top_up_forbidden niet (0.363122ms)
✔ useTopUp meldt domeinuitkomst shift_not_open niet (0.335543ms)
✔ useTopUp meldt domeinuitkomst served_by_not_on_shift niet (0.318623ms)
✔ useTopUp meldt domeinuitkomst invalid_amount niet (0.240745ms)
✔ useTopUp meldt domeinuitkomst amount_exceeds_max niet (0.222684ms)
✔ useTopUp meldt domeinuitkomst member_not_found niet (0.191684ms)
✔ usePlaceOrder meldt niets bij een geslaagde bestelling (0.449977ms)
✔ useTopUp meldt niets bij een geslaagde opwaardering (0.407516ms)
✔ usePlaceOrder meldt een onverwachte serverfout precies één keer, met de eigen client (0.405934ms)
✔ usePlaceOrder meldt een netwerkfout (gegooid) via de client-factory (0.352852ms)
✔ usePlaceOrder behandelt een bijna-domeincode als onverwacht en meldt hem (0.247299ms)
✔ useTopUp meldt een onverwachte serverfout precies één keer, met de eigen client (0.208763ms)
✔ useTopUp meldt een netwerkfout (gegooid) via de client-factory (0.44427ms)
✔ useTopUp behandelt een bijna-domeincode als onverwacht en meldt hem (0.21869ms)
✔ useReverseOrderAtBar meldt sessiecode no_bar_session niet als fout, maar geeft hem door (0.669741ms)
✔ useReverseOrderAtBar meldt sessiecode session_ended niet als fout, maar geeft hem door (0.525098ms)
✔ useReverseOrderAtBar meldt sessiecode session_inactive niet als fout, maar geeft hem door (0.259856ms)
✔ useReverseOrderAtBar meldt sessiecode wrong_mode niet als fout, maar geeft hem door (0.22292ms)
✔ useReverseOrderAtBar meldt sessiecode no_bar_role niet als fout, maar geeft hem door (0.13928ms)
✔ useReverseOrderAtBar meldt sessiecode session_not_on_shift niet als fout, maar geeft hem door (0.124129ms)
✔ useReverseOrderAtBar meldt een onverwachte serverfout wel (0.236697ms)
✔ useAddShiftMember meldt sessiecode no_bar_session niet als fout, maar geeft hem door (0.543225ms)
✔ useAddShiftMember meldt sessiecode session_ended niet als fout, maar geeft hem door (0.190424ms)
✔ useAddShiftMember meldt sessiecode session_inactive niet als fout, maar geeft hem door (0.156856ms)
✔ useAddShiftMember meldt sessiecode wrong_mode niet als fout, maar geeft hem door (0.155869ms)
✔ useAddShiftMember meldt sessiecode no_bar_role niet als fout, maar geeft hem door (0.126255ms)
✔ useAddShiftMember meldt sessiecode session_not_on_shift niet als fout, maar geeft hem door (0.118473ms)
✔ useAddShiftMember meldt een onverwachte serverfout wel (0.126454ms)
✔ useRemoveShiftMember meldt sessiecode no_bar_session niet als fout, maar geeft hem door (0.372637ms)
✔ useRemoveShiftMember meldt sessiecode session_ended niet als fout, maar geeft hem door (0.299034ms)
✔ useRemoveShiftMember meldt sessiecode session_inactive niet als fout, maar geeft hem door (0.131615ms)
✔ useRemoveShiftMember meldt sessiecode wrong_mode niet als fout, maar geeft hem door (0.125333ms)
✔ useRemoveShiftMember meldt sessiecode no_bar_role niet als fout, maar geeft hem door (0.125784ms)
✔ useRemoveShiftMember meldt sessiecode session_not_on_shift niet als fout, maar geeft hem door (0.127805ms)
✔ useRemoveShiftMember meldt een onverwachte serverfout wel (0.188564ms)
✔ useEndShift meldt sessiecode no_bar_session niet als fout, maar geeft hem door (2.333089ms)
✔ useEndShift meldt sessiecode session_ended niet als fout, maar geeft hem door (0.196267ms)
✔ useEndShift meldt sessiecode session_inactive niet als fout, maar geeft hem door (0.14027ms)
✔ useEndShift meldt sessiecode wrong_mode niet als fout, maar geeft hem door (0.192047ms)
✔ useEndShift meldt sessiecode no_bar_role niet als fout, maar geeft hem door (0.116839ms)
✔ useEndShift meldt sessiecode session_not_on_shift niet als fout, maar geeft hem door (0.132375ms)
✔ useEndShift meldt een onverwachte serverfout wel (0.129427ms)
✔ usePlaceOrder meldt een gegooide sessiecode niet (catch-tak) (0.326205ms)
✔ usePlaceOrder behandelt NO_BAR_ROLE (bijna-code) als onverwacht en meldt hem (0.228399ms)
✔ useTopUp meldt een gegooide sessiecode niet (catch-tak) (0.231654ms)
✔ useTopUp behandelt NO_BAR_ROLE (bijna-code) als onverwacht en meldt hem (0.165346ms)
✔ useReverseOrderAtBar meldt een gegooide sessiecode niet (catch-tak) (0.318394ms)
✔ useReverseOrderAtBar behandelt NO_BAR_ROLE (bijna-code) als onverwacht en meldt hem (0.144562ms)
✔ useAddShiftMember meldt een gegooide sessiecode niet (catch-tak) (0.245185ms)
✔ useAddShiftMember behandelt NO_BAR_ROLE (bijna-code) als onverwacht en meldt hem (0.235469ms)
✔ useRemoveShiftMember meldt een gegooide sessiecode niet (catch-tak) (0.19635ms)
✔ useRemoveShiftMember behandelt NO_BAR_ROLE (bijna-code) als onverwacht en meldt hem (0.126407ms)
✔ useEndShift meldt een gegooide sessiecode niet (catch-tak) (0.177052ms)
✔ useEndShift behandelt NO_BAR_ROLE (bijna-code) als onverwacht en meldt hem (0.152481ms)
✔ useStartShift stuurt alleen het activiteittype mee, geen PIN en geen lid (0.583169ms)
✔ useStartShift meldt domeinuitkomst no_bar_session niet (0.385791ms)
✔ useStartShift meldt domeinuitkomst session_ended niet (0.155118ms)
✔ useStartShift meldt domeinuitkomst session_inactive niet (0.344651ms)
✔ useStartShift meldt domeinuitkomst wrong_mode niet (0.161403ms)
✔ useStartShift meldt domeinuitkomst no_bar_role niet (0.534666ms)
✔ useStartShift meldt domeinuitkomst session_not_on_shift niet (0.231067ms)
✔ useStartShift meldt domeinuitkomst shift_already_open niet (0.283331ms)
✔ useStartShift meldt domeinuitkomst session_has_shift niet (0.221778ms)
✔ useStartShift meldt domeinuitkomst invalid_activity_type niet (0.248195ms)
✔ useStartShift meldt domeinuitkomst activity_type_not_found niet (0.324335ms)
✔ useStartShift meldt domeinuitkomst activity_type_archived niet (0.280219ms)
✔ useStartShift behandelt invalid_pin als onverwacht (start_shift raiset hem niet meer) (0.343214ms)
✔ useStartShift behandelt member_not_found als onverwacht (start_shift raiset hem niet meer) (0.093446ms)
✔ useAdminEndShift meldt no_bar_session niet als fout (0.364059ms)
✔ useAdminEndShift meldt session_ended niet als fout (0.121667ms)
✔ useAdminEndShift meldt session_inactive niet als fout (0.137833ms)
✔ useAdminEndShift meldt wrong_mode niet als fout (0.121521ms)
✔ useAdminEndShift meldt no_bar_role niet als fout (0.077704ms)
✔ useAdminEndShift meldt session_not_on_shift niet als fout (0.10078ms)
✔ useAdminEndShift meldt actor_not_found niet als fout (0.074357ms)
✔ useAdminEndShift meldt no_admin_role niet als fout (0.079727ms)
✔ useAdminEndShift meldt shift_not_open niet als fout (0.137519ms)
✔ useAdminEndShift meldt een onverwachte serverfout wel (0.227588ms)
✔ useAdminTakeOverShift meldt no_bar_session niet als fout (0.225857ms)
✔ useAdminTakeOverShift meldt session_ended niet als fout (0.100868ms)
✔ useAdminTakeOverShift meldt session_inactive niet als fout (0.176419ms)
✔ useAdminTakeOverShift meldt wrong_mode niet als fout (0.063266ms)
✔ useAdminTakeOverShift meldt no_bar_role niet als fout (0.049422ms)
✔ useAdminTakeOverShift meldt session_not_on_shift niet als fout (0.14202ms)
✔ useAdminTakeOverShift meldt actor_not_found niet als fout (0.128613ms)
✔ useAdminTakeOverShift meldt no_admin_role niet als fout (0.110614ms)
✔ useAdminTakeOverShift meldt session_has_shift niet als fout (0.073146ms)
✔ useAdminTakeOverShift meldt shift_not_open niet als fout (0.065564ms)
✔ useAdminTakeOverShift meldt een onverwachte serverfout wel (0.056279ms)
✔ useResumeOrphanShift meldt no_bar_session niet als fout (0.216024ms)
✔ useResumeOrphanShift meldt session_ended niet als fout (0.065819ms)
✔ useResumeOrphanShift meldt session_inactive niet als fout (0.120111ms)
✔ useResumeOrphanShift meldt wrong_mode niet als fout (0.074515ms)
✔ useResumeOrphanShift meldt no_bar_role niet als fout (0.050238ms)
✔ useResumeOrphanShift meldt session_not_on_shift niet als fout (0.095258ms)
✔ useResumeOrphanShift meldt not_in_shift_crew niet als fout (0.100593ms)
✔ useResumeOrphanShift meldt shift_not_orphan niet als fout (0.05607ms)
✔ useResumeOrphanShift meldt session_has_shift niet als fout (0.087069ms)
✔ useResumeOrphanShift meldt shift_not_open niet als fout (0.075154ms)
✔ useResumeOrphanShift meldt een onverwachte serverfout wel (0.056033ms)
✔ useAdminEndBarSession meldt no_bar_session niet als fout (0.205217ms)
✔ useAdminEndBarSession meldt session_ended niet als fout (0.104818ms)
✔ useAdminEndBarSession meldt session_inactive niet als fout (0.070593ms)
✔ useAdminEndBarSession meldt wrong_mode niet als fout (0.060623ms)
✔ useAdminEndBarSession meldt no_bar_role niet als fout (0.057245ms)
✔ useAdminEndBarSession meldt session_not_on_shift niet als fout (0.05059ms)
✔ useAdminEndBarSession meldt actor_not_found niet als fout (0.143478ms)
✔ useAdminEndBarSession meldt no_admin_role niet als fout (0.058786ms)
✔ useAdminEndBarSession meldt session_not_found niet als fout (0.121161ms)
✔ useAdminEndBarSession meldt target_session_ended niet als fout (0.100475ms)
✔ useAdminEndBarSession meldt een onverwachte serverfout wel (0.064954ms)
✔ useRegisterBarSession meldt no_bar_session niet als fout (0.279171ms)
✔ useRegisterBarSession meldt session_ended niet als fout (0.109496ms)
✔ useRegisterBarSession meldt session_inactive niet als fout (0.059704ms)
✔ useRegisterBarSession meldt wrong_mode niet als fout (0.049529ms)
✔ useRegisterBarSession meldt no_bar_role niet als fout (0.054583ms)
✔ useRegisterBarSession meldt session_not_on_shift niet als fout (0.051923ms)
✔ useRegisterBarSession meldt invalid_mode niet als fout (0.055188ms)
✔ useRegisterBarSession meldt no_admin_role niet als fout (0.049943ms)
✔ useRegisterBarSession meldt mode_locked niet als fout (0.076459ms)
✔ useRegisterBarSession meldt een onverwachte serverfout wel (0.124198ms)
✔ target_session_ended is niet de sessiecode session_ended: geen centrale melding (0.151618ms)
✔ useEndBarSession: geslaagd → RPC met keuze en reden, daarna lokaal uitloggen (0.309086ms)
✔ useEndBarSession: een beheersessie die niet wordt hervat (0.103382ms)
✔ useEndBarSession: bij no_bar_session is de sessie al weg, dus alleen lokaal uitloggen (0.110343ms)
✔ useEndBarSession: bij session_ended is de sessie al weg, dus alleen lokaal uitloggen (0.090938ms)
✔ useEndBarSession: bij session_inactive is de sessie al weg, dus alleen lokaal uitloggen (0.063394ms)
✔ useEndBarSession: bij wrong_mode is de sessie al weg, dus alleen lokaal uitloggen (0.055976ms)
✔ useEndBarSession: bij no_bar_role is de sessie al weg, dus alleen lokaal uitloggen (0.065ms)
✔ useEndBarSession: bij session_not_on_shift is de sessie al weg, dus alleen lokaal uitloggen (0.080195ms)
✔ useEndBarSession: een onverwachte fout laat de sessie staan (niet stil uitloggen) (0.189902ms)
✔ useEndBarSession: een gegooide netwerkfout laat de sessie ook staan (0.290595ms)
(node:87479) [MODULE_TYPELESS_PACKAGE_JSON] Warning: Module type of file:///tmp/abas-frontend-fixes/src/hooks/queries/usePlaceOrder.ts is not specified and it doesn't parse as CommonJS.
Reparsing as ES module because module syntax was detected. This incurs a performance overhead.
To eliminate this warning, add "type": "module" to /tmp/abas-frontend-fixes/package.json.
(Use `node --trace-warnings ...` to show where the warning was created)
(node:87482) [MODULE_TYPELESS_PACKAGE_JSON] Warning: Module type of file:///tmp/abas-frontend-fixes/test/moneyRequest.test.ts is not specified and it doesn't parse as CommonJS.
Reparsing as ES module because module syntax was detected. This incurs a performance overhead.
To eliminate this warning, add "type": "module" to /tmp/abas-frontend-fixes/package.json.
(Use `node --trace-warnings ...` to show where the warning was created)
✔ lost response, remount, reset and reload reuse a persisted UUID (5.252713ms)
✔ changed inputs cannot silently replace an unresolved money action (0.71474ms)
✔ actor and operation partition intents; no automatic retry after login (0.740729ms)
✔ session failures keep intent, definite transactional rejection clears it (0.86335ms)
✔ unavailable or corrupted persistence blocks requests before transmission (2.105281ms)
✔ guards before receipt lookup cannot discard an earlier unknown booking (1.748316ms)
✔ overlapping requests acquire the same intent before either response arrives (15.570875ms)
✔ missing receipt never releases intent; confirmed cancellation releases the exact key (2.356975ms)
✔ lookup of completed booking releases intent, session or transport errors preserve it (3.41199ms)
✔ a retry queued behind cancellation keeps the original key instead of silently creating a new action (5.591779ms)
✔ a malformed success response cannot discard an unresolved intent (0.545785ms)
✔ a rejected retry cannot prove the outcome of an earlier lost response (0.209162ms)
✔ one rejected request cannot release the key while another request is in flight (2.517654ms)
✔ legacy v1 pending requests also require terminal server proof (0.857088ms)
✔ cancellation between inspection and recovery cannot turn recovery into a new booking (0.68287ms)
✔ stale recovery cannot use a newer action's key (0.780238ms)
✔ stale herstelweergave kan een nieuwere sleutel niet controleren of annuleren (0.660362ms)
(node:87496) [MODULE_TYPELESS_PACKAGE_JSON] Warning: Module type of file:///tmp/abas-frontend-fixes/test/opslaan.test.ts is not specified and it doesn't parse as CommonJS.
Reparsing as ES module because module syntax was detected. This incurs a performance overhead.
To eliminate this warning, add "type": "module" to /tmp/abas-frontend-fixes/package.json.
(Use `node --trace-warnings ...` to show where the warning was created)
✔ time-out voor een hangend verzoek is 30 seconden (1.326923ms)
✔ serialisatie: een tweede actie tijdens pending is niet toegestaan (0.269831ms)
✔ prijs: leeg of gelijk aan de huidige prijs is niet onopgeslagen (0.701185ms)
✔ prijs: afwijkende of onleesbare invoer is onopgeslagen (0.36908ms)
✔ tekst: alleen een afwijking van de opgeslagen waarde telt, spaties niet (0.262878ms)
✔ rol: afwijking van de huidige rol is onopgeslagen (0.323553ms)
✔ nieuw lid/product: elk ingevuld veld is onopgeslagen (0.523562ms)
✔ sectieStatus: onopgeslagen, opgeslagen en fout volgen elkaar op (0.224768ms)
(node:87497) [MODULE_TYPELESS_PACKAGE_JSON] Warning: Module type of file:///tmp/abas-frontend-fixes/test/ownPinErrors.test.ts is not specified and it doesn't parse as CommonJS.
Reparsing as ES module because module syntax was detected. This incurs a performance overhead.
To eliminate this warning, add "type": "module" to /tmp/abas-frontend-fixes/package.json.
(Use `node --trace-warnings ...` to show where the warning was created)
✔ toSetOwnPinErrorCode: elke foutcode die set_own_pin (0014) geeft komt ongewijzigd terug (1.393749ms)
✔ toSetOwnPinErrorCode: al het andere valt terug op unknown (0.288417ms)
✔ setOwnPinErrorMessage: dezelfde teksten als /beheer → Mijn account (0.340751ms)
✔ PIN_PATTERN: precies vier cijfers, zelfde regel als set_own_pin (0.446174ms)
(node:87505) [MODULE_TYPELESS_PACKAGE_JSON] Warning: Module type of file:///tmp/abas-frontend-fixes/test/passwordPolicy.test.ts is not specified and it doesn't parse as CommonJS.
Reparsing as ES module because module syntax was detected. This incurs a performance overhead.
To eliminate this warning, add "type": "module" to /tmp/abas-frontend-fixes/package.json.
(Use `node --trace-warnings ...` to show where the warning was created)
✔ een wachtwoord dat aan alle regels voldoet is geldig (2.556476ms)
✔ lengte: precies de minimale lengte telt, één minder niet (0.497263ms)
✔ elke ontbrekende tekensoort maakt het wachtwoord ongeldig (0.603135ms)
✔ leestekens: de volledige Supabase-set telt, spatie en letters met accent niet (1.016706ms)
✔ letters met accent tellen niet als kleine of hoofdletter (0.34887ms)
✔ leeg wachtwoord: elke regel onvoldaan (checklist start op 'nog niet') (0.301132ms)
✔ backslash is geen leesteken — zit niet in de Supabase-set (0.28201ms)
✔ andere niet-ASCII-tekens tellen niet als leesteken of cijfer (0.382383ms)
✔ elke regel wordt los beoordeeld — één voldane regel maakt een andere niet waar (1.340845ms)
✔ lengte telt tekens, spaties inbegrepen; lange wachtwoorden blijven geldig (0.775848ms)
✔ de checklist-labels noemen de minimale lengte die de functie ook hanteert (0.759732ms)
(node:87519) [MODULE_TYPELESS_PACKAGE_JSON] Warning: Module type of file:///tmp/abas-frontend-fixes/test/portalSessie.test.ts is not specified and it doesn't parse as CommonJS.
Reparsing as ES module because module syntax was detected. This incurs a performance overhead.
To eliminate this warning, add "type": "module" to /tmp/abas-frontend-fixes/package.json.
(Use `node --trace-warnings ...` to show where the warning was created)
✔ voorgrond, fout: error met bezig false (nooit denied) (1.513528ms)
✔ achtergrond, fout: staat blijft ongewijzigd (0.268637ms)
✔ andere userId tijdens signed-in is voorgrond: fout geeft error (0.184724ms)
✔ geen rij met bevestigde sessie is denied, voor- en achtergrond (2.474058ms)
✔ geen rij met niet-bevestigde sessie is signed-out (ADR 0022), voor- en achtergrond (0.301432ms)
✔ rij gevonden: signed-in met userId; achtergrond ververst de gegevens (0.401617ms)
✔ foutteksten: netwerk en server, nooit de ruwe fout (0.870643ms)
✔ retry vanuit error zet bezig, andere staten blijven (0.461484ms)
✔ een oudere ronde wordt genegeerd (0.957383ms)
✔ mislukte getSession(): signed-in blijft staan, anders error (0.76121ms)
(node:87522) [MODULE_TYPELESS_PACKAGE_JSON] Warning: Module type of file:///tmp/abas-frontend-fixes/test/productImage.test.ts is not specified and it doesn't parse as CommonJS.
Reparsing as ES module because module syntax was detected. This incurs a performance overhead.
To eliminate this warning, add "type": "module" to /tmp/abas-frontend-fixes/package.json.
(Use `node --trace-warnings ...` to show where the warning was created)
(node:87522) [MODULE_TYPELESS_PACKAGE_JSON] Warning: Module type of file:///tmp/abas-frontend-fixes/src/lib/productImage.ts is not specified and it doesn't parse as CommonJS.
Reparsing as ES module because module syntax was detected. This incurs a performance overhead.
To eliminate this warning, add "type": "module" to /tmp/abas-frontend-fixes/package.json.
(Use `node --trace-warnings ...` to show where the warning was created)
✔ een sessiecode (no_bar_session) gaat ongewijzigd terug: niets gelezen, gedecodeerd of geüpload (2.816555ms)
✔ een sessiecode (session_ended) gaat ongewijzigd terug: niets gelezen, gedecodeerd of geüpload (0.487084ms)
✔ een sessiecode (session_inactive) gaat ongewijzigd terug: niets gelezen, gedecodeerd of geüpload (0.2605ms)
✔ een sessiecode (wrong_mode) gaat ongewijzigd terug: niets gelezen, gedecodeerd of geüpload (0.312197ms)
✔ een sessiecode (no_bar_role) gaat ongewijzigd terug: niets gelezen, gedecodeerd of geüpload (0.444208ms)
✔ een sessiecode (aal2_required) gaat ongewijzigd terug: niets gelezen, gedecodeerd of geüpload (0.385708ms)
✔ een bardienst (no_admin_role) komt niet eens bij de sessiecontrole (0.526778ms)
✔ zonder gebruiker: actor_not_found, niets verder (0.285988ms)
✔ verwijderen: een sessiecode betekent geen RPC en geen opruimen (0.302463ms)
✔ Content-Length ruim boven de grens: file_too_large zonder de body te lezen (0.385432ms)
✔ een bestand boven de grens: file_too_large zonder te decoderen (0.321423ms)
✔ geen bestand: file_missing (0.226791ms)
✔ een vals bestand (tekst als .png): unsupported_type, niets geüpload (9.023291ms)
✔ eerste upload: verificatie, upload als WebP, dan de RPC; niets op te ruimen (5.948426ms)
✔ vervangen: het vorige pad wordt na de RPC opgeruimd (3.448596ms)
✔ geeft de RPC het nieuwe pad zelf terug, dan wordt er niets verwijderd (3.391098ms)
✔ faalt de RPC, dan wordt het nieuwe object verwijderd en komt de code terug (2.721862ms)
✔ een sessiecode uit de RPC: ongewijzigd terug, en het nieuwe object weer weg (3.614001ms)
✔ invalid_image_path of image_not_found uit de RPC wordt unknown (5.439629ms)
✔ een mislukte upload: upload_failed, geen RPC (3.397517ms)
✔ een mislukte opruimstap geeft toch ok (weesbestand, gelogd) (3.09603ms)
✔ verwijderen: RPC met null, dan het vorige object opruimen (0.315738ms)
✔ verwijderen zonder afbeelding: ok, niets op te ruimen (idempotent) (0.112741ms)
(node:87541) [MODULE_TYPELESS_PACKAGE_JSON] Warning: Module type of file:///tmp/abas-frontend-fixes/test/productImageProcessing.test.ts is not specified and it doesn't parse as CommonJS.
Reparsing as ES module because module syntax was detected. This incurs a performance overhead.
To eliminate this warning, add "type": "module" to /tmp/abas-frontend-fixes/package.json.
(Use `node --trace-warnings ...` to show where the warning was created)
✔ voorcontrole: JPEG, PNG en WebP tot en met 4 MB mogen (1.058289ms)
✔ voorcontrole: boven 4 MB is file_too_large (0.146639ms)
✔ voorcontrole: HEIC, GIF, SVG, PDF of geen type is unsupported_type (0.122466ms)
✔ een PNG van 3000px wordt een WebP van maximaal 512px, met behoud van verhouding (109.260574ms)
✔ een JPEG met EXIF-rotatie komt rechtop terug, zonder EXIF (16.124423ms)
✔ een kleine afbeelding wordt niet vergroot (6.009092ms)
✔ een transparante PNG houdt zijn transparantie (6.062806ms)
✔ een SVG is unsupported_type (3.572524ms)
✔ een GIF is unsupported_type (3.065932ms)
✔ een als .png vermomd tekstbestand is unsupported_type (1.048403ms)
✔ een afgekapte JPEG is unsupported_type (5.388447ms)
✔ een PNG-handtekening met rommel erachter is unsupported_type (0.877715ms)
✔ een geldige PNG-kop (IHDR) met rommel erachter is unsupported_type (0.986863ms)
✔ een afgekapte PNG die metadata() wel leest, faalt bij het decoderen: unsupported_type (6.94145ms)
✔ een decompressiebom (een geldige PNG van 16384 × 16384 px in 32 kB) is unsupported_type (84.247158ms)
✔ een HEIC-bestand (ftyp heic) is unsupported_type (1.19016ms)
✔ een AVIF (HEIF-container die sharp wél kan lezen) is unsupported_type: de allowlist weigert (7.530899ms)
✔ een TIFF (door sharp leesbaar) is unsupported_type: de allowlist weigert (3.316605ms)
✔ een PDF is unsupported_type (0.619628ms)
✔ een SVG met een PNG-handtekening ervoor is unsupported_type (0.551756ms)
✔ een JPEG met een script erachter (polyglot): de uitvoer is een schone WebP zonder dat script (6.276318ms)
✔ een bewegende WebP wordt het eerste frame: één pagina in de uitvoer (13.319884ms)
✔ GPS-gegevens in de EXIF gaan niet mee naar de uitvoer (7.821843ms)
(node:87548) [MODULE_TYPELESS_PACKAGE_JSON] Warning: Module type of file:///tmp/abas-frontend-fixes/test/productImageRoute.test.ts is not specified and it doesn't parse as CommonJS.
Reparsing as ES module because module syntax was detected. This incurs a performance overhead.
To eliminate this warning, add "type": "module" to /tmp/abas-frontend-fixes/package.json.
(Use `node --trace-warnings ...` to show where the warning was created)
(node:87548) [MODULE_TYPELESS_PACKAGE_JSON] Warning: Module type of file:///tmp/abas-frontend-fixes/src/app/(bar)/beheer/productafbeelding/route.ts is not specified and it doesn't parse as CommonJS.
Reparsing as ES module because module syntax was detected. This incurs a performance overhead.
To eliminate this warning, add "type": "module" to /tmp/abas-frontend-fixes/package.json.
(Use `node --trace-warnings ...` to show where the warning was created)
✔ POST zonder sessie: actor_not_found, body ongelezen, niets geüpload (8.861574ms)
✔ POST met sessiecode no_bar_session (bv. een beheerder in bar-modus): ongewijzigd terug, niets gelezen of geüpload (1.813253ms)
✔ POST met sessiecode wrong_mode (bv. een beheerder in bar-modus): ongewijzigd terug, niets gelezen of geüpload (1.540034ms)
✔ POST met sessiecode aal2_required (bv. een beheerder in bar-modus): ongewijzigd terug, niets gelezen of geüpload (1.466866ms)
✔ POST met sessiecode session_ended (bv. een beheerder in bar-modus): ongewijzigd terug, niets gelezen of geüpload (1.192905ms)
✔ POST met sessiecode session_inactive (bv. een beheerder in bar-modus): ongewijzigd terug, niets gelezen of geüpload (1.38303ms)
✔ POST met sessiecode no_bar_role (bv. een beheerder in bar-modus): ongewijzigd terug, niets gelezen of geüpload (1.680472ms)
✔ POST als lid: no_admin_role, zonder sessiecontrole, lezen of uploaden (0.925039ms)
✔ POST als bardienst: no_admin_role, zonder sessiecontrole, lezen of uploaden (0.94714ms)
✔ POST als een niet-gekoppeld of gearchiveerd account (geen actor-rij): actor_not_found (1.322488ms)
✔ POST als de actor-query faalt: unknown, niets gelezen of geüpload (1.414957ms)
✔ POST waarbij de server-actie gooit: 500 met unknown, niets geüpload (0.817601ms)
✔ POST met een Content-Length ruim boven de grens: file_too_large, body ongelezen (0.948343ms)
✔ POST met een bestand van 4 MB + 1 byte (zonder Content-Length): file_too_large, niets geüpload (31.482325ms)
✔ POST met een PNG van precies 4 MB (opgevuld): de grens zelf mag (25.802752ms)
✔ POST met een leeg bestand: file_missing (2.603205ms)
✔ POST met `file` als tekstveld in plaats van een bestand: file_missing (1.282267ms)
✔ POST zonder `file`: file_missing (1.062772ms)
✔ POST met een PNG-handtekening met rommel erachter (als image/png gestuurd): unsupported_type, niets geüpload, geen RPC (3.613739ms)
✔ POST met een SVG met een script (als image/png gestuurd): unsupported_type, niets geüpload, geen RPC (3.486413ms)
✔ POST met een GIF (als image/png gestuurd): unsupported_type, niets geüpload, geen RPC (6.421366ms)
✔ POST met een HEIC (ftyp heic) (als image/png gestuurd): unsupported_type, niets geüpload, geen RPC (2.99254ms)
✔ POST met een AVIF/HEIF die sharp kan lezen (als image/png gestuurd): unsupported_type, niets geüpload, geen RPC (9.241421ms)
✔ POST met een HTML-bestand (als image/png gestuurd): unsupported_type, niets geüpload, geen RPC (2.641011ms)
✔ POST met geen productId: product_not_found, niets geüpload (2.461552ms)
✔ POST met een productId dat geen uuid is: product_not_found, niets geüpload (1.381567ms)
✔ POST met een productId met een pad erin: product_not_found, niets geüpload (1.527587ms)
✔ POST met een productId in hoofdletters: pad en RPC-argument in kleine letters (5.043854ms)
✔ POST zonder multipart-body (JSON): unknown, niets geüpload (1.718371ms)
✔ POST: de RPC krijgt precies het geüploade pad, en het vorige object gaat pas ná de RPC weg (6.07532ms)
✔ POST: faalt de RPC, dan gaat alleen het nieuwe object weg, nooit het oude (7.445282ms)
✔ POST: faalt de RPC én het compenseren, dan nog steeds de RPC-fout (geen ok) (5.114531ms)
✔ POST: een onbekende RPC-fout wordt unknown, en het nieuwe object gaat weg (4.581147ms)
✔ POST: een mislukte upload betekent geen RPC en geen enkele remove (5.309632ms)
✔ DELETE met een body die geen JSON is: 400 unknown, niets aangeroepen (1.886623ms)
✔ DELETE zonder sessie: actor_not_found, geen RPC en geen remove (1.809295ms)
✔ DELETE in bar-modus (wrong_mode): ongewijzigd terug, geen set_product_image en geen remove (0.844418ms)
✔ DELETE als lid: no_admin_role, niets aangeroepen (0.611319ms)
✔ DELETE met null als body: product_not_found, geen set_product_image (0.963283ms)
✔ DELETE met geen productId: product_not_found, geen set_product_image (1.603959ms)
✔ DELETE met een productId dat geen uuid is: product_not_found, geen set_product_image (0.978286ms)
✔ DELETE met een productId dat een getal is: product_not_found, geen set_product_image (0.606234ms)
✔ DELETE: faalt de RPC, dan wordt er niets verwijderd (0.978383ms)
✔ DELETE: de RPC krijgt p_image_path null, het vorige object gaat daarna weg (0.91816ms)
(node:87562) [MODULE_TYPELESS_PACKAGE_JSON] Warning: Module type of file:///tmp/abas-frontend-fixes/test/sessieCodeMessages.test.ts is not specified and it doesn't parse as CommonJS.
Reparsing as ES module because module syntax was detected. This incurs a performance overhead.
To eliminate this warning, add "type": "module" to /tmp/abas-frontend-fixes/package.json.
(Use `node --trace-warnings ...` to show where the warning was created)
✔ placeOrderErrorMessage: no_bar_session geeft geen inline melding (de centrale melding neemt het over) (2.692056ms)
✔ placeOrderErrorMessage: no_bar_session is niet de generieke of de geen-bardienst-melding (0.305542ms)
✔ topUpErrorMessage: no_bar_session geeft geen inline melding (de centrale melding neemt het over) (0.336895ms)
✔ topUpErrorMessage: no_bar_session is niet de generieke of de geen-bardienst-melding (0.147576ms)
✔ reverseOrderErrorMessage: no_bar_session geeft geen inline melding (de centrale melding neemt het over) (0.2854ms)
✔ reverseOrderErrorMessage: no_bar_session is niet de generieke of de geen-bardienst-melding (0.163745ms)
✔ placeOrderErrorMessage: session_ended geeft geen inline melding (de centrale melding neemt het over) (0.313379ms)
✔ placeOrderErrorMessage: session_ended is niet de generieke of de geen-bardienst-melding (0.144915ms)
✔ topUpErrorMessage: session_ended geeft geen inline melding (de centrale melding neemt het over) (0.258686ms)
✔ topUpErrorMessage: session_ended is niet de generieke of de geen-bardienst-melding (0.451914ms)
✔ reverseOrderErrorMessage: session_ended geeft geen inline melding (de centrale melding neemt het over) (0.35763ms)
✔ reverseOrderErrorMessage: session_ended is niet de generieke of de geen-bardienst-melding (0.09306ms)
✔ placeOrderErrorMessage: session_inactive geeft geen inline melding (de centrale melding neemt het over) (0.050078ms)
✔ placeOrderErrorMessage: session_inactive is niet de generieke of de geen-bardienst-melding (0.065584ms)
✔ topUpErrorMessage: session_inactive geeft geen inline melding (de centrale melding neemt het over) (0.054911ms)
✔ topUpErrorMessage: session_inactive is niet de generieke of de geen-bardienst-melding (0.090212ms)
✔ reverseOrderErrorMessage: session_inactive geeft geen inline melding (de centrale melding neemt het over) (0.049121ms)
✔ reverseOrderErrorMessage: session_inactive is niet de generieke of de geen-bardienst-melding (0.046848ms)
✔ placeOrderErrorMessage: wrong_mode geeft geen inline melding (de centrale melding neemt het over) (0.056344ms)
✔ placeOrderErrorMessage: wrong_mode is niet de generieke of de geen-bardienst-melding (0.043523ms)
✔ topUpErrorMessage: wrong_mode geeft geen inline melding (de centrale melding neemt het over) (0.05226ms)
✔ topUpErrorMessage: wrong_mode is niet de generieke of de geen-bardienst-melding (0.047778ms)
✔ reverseOrderErrorMessage: wrong_mode geeft geen inline melding (de centrale melding neemt het over) (0.043038ms)
✔ reverseOrderErrorMessage: wrong_mode is niet de generieke of de geen-bardienst-melding (0.041614ms)
✔ placeOrderErrorMessage: no_bar_role geeft geen inline melding (de centrale melding neemt het over) (0.065427ms)
✔ placeOrderErrorMessage: no_bar_role is niet de generieke of de geen-bardienst-melding (0.046723ms)
✔ topUpErrorMessage: no_bar_role geeft geen inline melding (de centrale melding neemt het over) (0.043137ms)
✔ topUpErrorMessage: no_bar_role is niet de generieke of de geen-bardienst-melding (0.044061ms)
✔ reverseOrderErrorMessage: no_bar_role geeft geen inline melding (de centrale melding neemt het over) (0.055575ms)
✔ reverseOrderErrorMessage: no_bar_role is niet de generieke of de geen-bardienst-melding (0.058365ms)
✔ placeOrderErrorMessage: session_not_on_shift geeft geen inline melding (de centrale melding neemt het over) (0.106805ms)
✔ placeOrderErrorMessage: session_not_on_shift is niet de generieke of de geen-bardienst-melding (0.052529ms)
✔ topUpErrorMessage: session_not_on_shift geeft geen inline melding (de centrale melding neemt het over) (0.072751ms)
✔ topUpErrorMessage: session_not_on_shift is niet de generieke of de geen-bardienst-melding (0.056527ms)
✔ reverseOrderErrorMessage: session_not_on_shift geeft geen inline melding (de centrale melding neemt het over) (0.083947ms)
✔ reverseOrderErrorMessage: session_not_on_shift is niet de generieke of de geen-bardienst-melding (0.189212ms)
✔ placeOrderErrorMessage: aal2_required geeft geen inline melding (de centrale melding neemt het over) (0.070558ms)
✔ placeOrderErrorMessage: aal2_required is niet de generieke of de geen-bardienst-melding (0.035408ms)
✔ topUpErrorMessage: aal2_required geeft geen inline melding (de centrale melding neemt het over) (0.028819ms)
✔ topUpErrorMessage: aal2_required is niet de generieke of de geen-bardienst-melding (0.029348ms)
✔ reverseOrderErrorMessage: aal2_required geeft geen inline melding (de centrale melding neemt het over) (0.026755ms)
✔ reverseOrderErrorMessage: aal2_required is niet de generieke of de geen-bardienst-melding (0.030582ms)
✔ de inline melding bij een sessiecode is leeg (0.072069ms)
✔ A4: self_top_up_forbidden geeft de goedgekeurde tekst (0.074745ms)
✔ de unknown-tak blijft de generieke melding, behalve bij geldverzoeken met onbekende uitkomst (0.195066ms)
(node:87562) [MODULE_TYPELESS_PACKAGE_JSON] Warning: Module type of file:///tmp/abas-frontend-fixes/src/lib/staff.ts is not specified and it doesn't parse as CommonJS.
Reparsing as ES module because module syntax was detected. This incurs a performance overhead.
To eliminate this warning, add "type": "module" to /tmp/abas-frontend-fixes/package.json.
(Use `node --trace-warnings ...` to show where the warning was created)
(node:87569) [MODULE_TYPELESS_PACKAGE_JSON] Warning: Module type of file:///tmp/abas-frontend-fixes/test/tabKeys.test.ts is not specified and it doesn't parse as CommonJS.
Reparsing as ES module because module syntax was detected. This incurs a performance overhead.
To eliminate this warning, add "type": "module" to /tmp/abas-frontend-fixes/package.json.
(Use `node --trace-warnings ...` to show where the warning was created)
✔ horizontaal: Rechts/Links lopen en wrappen (2.106077ms)
✔ verticaal: Omlaag/Omhoog lopen en wrappen (0.412586ms)
✔ de andere as doet niets (0.348277ms)
✔ Home en End, op beide assen (0.907661ms)
✔ overige toetsen worden niet afgehandeld (0.425138ms)
✔ leeg en één item (0.321548ms)
✔ ongeldige huidige index (0.305996ms)
✔ ongeldige huidige index blokkeert ook Home en End (0.431682ms)
✔ sleutelnamen zijn hoofdlettergevoelig en exact (0.382832ms)
✔ wrap-around over de uiteinden, ook bij twee en vijf tabs, in beide richtingen (0.590039ms)
✔ één tab: elke navigatietoets blijft op die tab, de andere as nog steeds niets (0.39117ms)
✔ Home en End negeren de oriëntatie en de huidige positie (0.260614ms)
(node:87571) [MODULE_TYPELESS_PACKAGE_JSON] Warning: Module type of file:///tmp/abas-frontend-fixes/test/transacties.test.ts is not specified and it doesn't parse as CommonJS.
Reparsing as ES module because module syntax was detected. This incurs a performance overhead.
To eliminate this warning, add "type": "module" to /tmp/abas-frontend-fixes/package.json.
(Use `node --trace-warnings ...` to show where the warning was created)
✔ transactionLabel: 'Bestelling' of 'Opgewaardeerd', ongewijzigd voor een teruggedraaide bestelling (2.456302ms)
✔ transactionDetail: itemomschrijving voor een bestelling, 'contant' voor een opwaardering (0.406038ms)
✔ transactionDetail: 'bestelling' als terugval bij een lege itemomschrijving (0.282437ms)
✔ transactionDetail: de teruggedraaid-status zit niet meer in de (afbreekbare) subtitel (0.230387ms)
✔ reversalLines: 'Door: {naam}' en 'Reden: {reden}', in die volgorde, letterlijk (1.363259ms)
✔ reversalLines: identiek voor een bar- en een beheer-terugdraaiing, kanaal nergens in de uitvoer (0.547169ms)
✔ reversalLines: lege of ontbrekende naam/reden laat alleen die regel vervallen, geen hangend scheidingsteken (0.38357ms)
✔ reversalLines: nooit voor een gewone bestelling of een opwaardering (0.270976ms)
✔ amountSign: geen teken bij een teruggedraaide bestelling, '+' bij opwaardering, '−' bij gewone bestelling (0.358985ms)
✔ showReversalExplanation: alleen met minstens één teruggedraaide bestelling in de zichtbare rijen, ook na een filter (0.728392ms)
✔ recentTransactions: de eerste vijf in servervolgorde, teruggedraaide tellen mee, nooit hersorteerd (0.572442ms)
✔ filterTransactions: 'uitgaven' telt een teruggedraaide bestelling nog steeds mee — het is en blijft een bestelling (0.298657ms)
✔ groupByMonth: groepeert opeenvolgende transacties van dezelfde maand, nieuwste eerst behouden (0.77188ms)
✔ groupByMonth: dezelfde maandnaam in een ander jaar is een eigen groep (0.34217ms)
✔ dateLabel: dag + verkorte maandnaam in Nederlandse tijd (0.659407ms)
✔ dateLabel en groepering: 30 sep 22:30 UTC is 1 okt 00:30 Amsterdam (zomertijd) (0.477982ms)
✔ dateLabel en groepering: 31 dec 23:30 UTC is 1 jan 00:30 Amsterdam (wintertijd), nieuw jaar is een eigen groep (0.520117ms)
✔ dateLabel en groepering: grensgevallen net vóór middernacht Amsterdam blijven in de oude maand/dag (0.20038ms)
✔ reversalLines: reden met alleen whitespace vervalt; naam en reden worden niet bewerkt (geen trim, geen opmaak) (0.302673ms)
✔ amountSign en bedrag: een teruggedraaide opwaardering-achtige rij krijgt nooit een teken; geen rekenwerk op bedragen (0.322132ms)
(node:87578) [MODULE_TYPELESS_PACKAGE_JSON] Warning: Module type of file:///tmp/abas-frontend-fixes/test/veldFouten.test.ts is not specified and it doesn't parse as CommonJS.
Reparsing as ES module because module syntax was detected. This incurs a performance overhead.
To eliminate this warning, add "type": "module" to /tmp/abas-frontend-fixes/package.json.
(Use `node --trace-warnings ...` to show where the warning was created)
✔ bedragFout: elke soort (2.024962ms)
✔ bedragFout: geldige invoer geeft null, ook op de grens en met spaties (0.352788ms)
✔ bedragFout: optioneel en nul toegestaan (0.212646ms)
✔ emailFout (0.334146ms)
✔ teksten: goedgekeurde formuleringen (0.24685ms)
(node:87591) [MODULE_TYPELESS_PACKAGE_JSON] Warning: Module type of file:///tmp/abas-frontend-fixes/test/verkoopZoeken.test.ts is not specified and it doesn't parse as CommonJS.
Reparsing as ES module because module syntax was detected. This incurs a performance overhead.
To eliminate this warning, add "type": "module" to /tmp/abas-frontend-fixes/package.json.
(Use `node --trace-warnings ...` to show where the warning was created)
✔ filterProducten: zonder zoekterm geldt de categorie, null is Alle (1.898728ms)
✔ filterProducten: een zoekterm zoekt over alle categorieën en wint van de categorie (0.323267ms)
✔ filterProducten: een zoekterm met alleen spaties telt als leeg (0.234379ms)
✔ lidwisselWistMandje: alleen een ander lid én een gevuld mandje (0.197682ms)
✔ teksten: zoekresultaat, aankondiging en bevestiging (0.264053ms)
(node:87591) [MODULE_TYPELESS_PACKAGE_JSON] Warning: Module type of file:///tmp/abas-frontend-fixes/src/features/verkoop/messages.ts is not specified and it doesn't parse as CommonJS.
Reparsing as ES module because module syntax was detected. This incurs a performance overhead.
To eliminate this warning, add "type": "module" to /tmp/abas-frontend-fixes/package.json.
(Use `node --trace-warnings ...` to show where the warning was created)
(node:87605) [MODULE_TYPELESS_PACKAGE_JSON] Warning: Module type of file:///tmp/abas-frontend-fixes/test/verversen.test.ts is not specified and it doesn't parse as CommonJS.
Reparsing as ES module because module syntax was detected. This incurs a performance overhead.
To eliminate this warning, add "type": "module" to /tmp/abas-frontend-fixes/package.json.
(Use `node --trace-warnings ...` to show where the warning was created)
✔ terugkeer binnen 30 s na een geslaagde lezing ververst niet (1.456061ms)
✔ terugkeer precies 30 s of ouder ververst (0.227651ms)
✔ een mislukte laatste poging ververst ook binnen 30 s (0.151587ms)
✔ nog nooit geladen ververst (0.126646ms)
✔ online ververst altijd, ook binnen 30 s (0.257474ms)
✔ een lopende lezing wordt nooit opnieuw gestart, voor elke bron (0.287891ms)
✔ bijgewerktLabel gebruikt vast Europe/Amsterdam (0.383573ms)
✔ bijgewerktLabel rond de zomertijdwissel (25 oktober 2026, 01:00 UTC) (0.196778ms)
✔ middernacht is 00:xx en geen 24:xx (0.239856ms)
✔ een ongeldige of ontbrekende waarde geeft geen label (0.27466ms)
✔ verversMisluktTekst noemt de tijd van de bekende gegevens (0.292036ms)
✔ portal-teksten: netwerk en server (met en zonder code) per hook (0.628549ms)
✔ een mislukte verversing laat ready, data en tijdstip staan (0.219619ms)
✔ een geslaagde verversing wist de mislukt-vlag en zet het nieuwe tijdstip (1.049435ms)
✔ de eerste ronde is loading; mislukt is error zonder data (0.239035ms)
✔ een mislukte retry vanuit error blijft error; de knop blijft gemount (bezig) (0.156504ms)
✔ een geslaagde retry vanuit error wordt ready (0.183644ms)
✔ laatste-request-wint: een oudere ronde en een ronde na unmount tellen niet (0.234303ms)
ℹ tests 805
ℹ suites 4
ℹ pass 805
ℹ fail 0
ℹ cancelled 0
ℹ skipped 0
ℹ todo 0
ℹ duration_ms 9734.004694

> abas@0.0.0 check:arch
> node scripts/check-arch.mjs

check:arch: ok (237 files scanned)

> abas@0.0.0 check:policy
> node scripts/check-policy.mjs

check:policy: ok (237 files scanned)

> abas@0.0.0 check:rls
> node scripts/check-rls.mjs

check:rls: ok (19 tables, 1 storage buckets, 0 storage policies, 2 invariants checked)

> abas@0.0.0 check:migrations
> node scripts/check-migrations.mjs

check:migrations: ok (42 migrations, hoogste 0043)

> abas@0.0.0 check:adr
> node scripts/check-adr.mjs

check:adr: ok (24 ADR's, hoogste 0024)
